Using custom data configuration default-79d2cd1c95aba41f

Downloading data files:   0%|          | 0/1 [00:00<?, ?it/s]
Downloading data files: 100%|██████████| 1/1 [00:00<00:00, 5171.77it/s]

Extracting data files:   0%|          | 0/1 [00:00<?, ?it/s]
Extracting data files: 100%|██████████| 1/1 [00:00<00:00, 1151.02it/s]

Generating train split: 0 examples [00:00, ? examples/s]/opt/conda/lib/python3.10/site-packages/datasets/download/streaming_download_manager.py:727: FutureWarning: the 'mangle_dupe_cols' keyword is deprecated and will be removed in a future version. Please take steps to stop the use of 'mangle_dupe_cols'
  return pd.read_csv(xopen(filepath_or_buffer, "rb", use_auth_token=use_auth_token), **kwargs)

Generating train split: 20000 examples [00:00, 198350.70 examples/s]
                                                                    
Parameter 'function'=<function parse_remove_special_characters_for_nia10 at 0x7fe51e49dcf0> of the transform datasets.arrow_dataset.Dataset._map_single couldn't be hashed properly, a random hash was used instead. Make sure your transforms and parameters are serializable with pickle or dill for the dataset fingerprinting and caching to work. If you reuse this transform, the caching mechanism will consider it to be different from the previous calls and recompute everything. This warning is only showed once. Subsequent hashing failures won't be showed.

  0%|          | 0/36670 [00:00<?, ?ex/s]
  0%|          | 91/36670 [00:00<00:40, 893.91ex/s]
  3%|▎         | 1000/36670 [00:00<00:06, 5466.96ex/s]
  6%|▋         | 2329/36670 [00:00<00:03, 8950.21ex/s]
 10%|█         | 3819/36670 [00:00<00:02, 11262.49ex/s]
 14%|█▍        | 5124/36670 [00:00<00:02, 11899.56ex/s]
 17%|█▋        | 6371/36670 [00:00<00:02, 12090.77ex/s]
 21%|██        | 7589/36670 [00:00<00:02, 12117.24ex/s]
 24%|██▍       | 8803/36670 [00:00<00:02, 11606.19ex/s]
 27%|██▋       | 9970/36670 [00:00<00:02, 11485.04ex/s]
 30%|███       | 11123/36670 [00:01<00:02, 11422.08ex/s]
 34%|███▍      | 12381/36670 [00:01<00:02, 11766.29ex/s]
 37%|███▋      | 13573/36670 [00:01<00:01, 11811.20ex/s]
 40%|████      | 14757/36670 [00:01<00:01, 11246.81ex/s]
 43%|████▎     | 15891/36670 [00:01<00:01, 11272.04ex/s]
 46%|████▋     | 17023/36670 [00:01<00:01, 11211.28ex/s]
 50%|████▉     | 18173/36670 [00:01<00:01, 11294.25ex/s]
 53%|█████▎    | 19305/36670 [00:01<00:01, 10927.19ex/s]
 56%|█████▌    | 20414/36670 [00:01<00:01, 10972.58ex/s]
 59%|█████▉    | 21621/36670 [00:01<00:01, 11290.54ex/s]
 62%|██████▏   | 22784/36670 [00:02<00:01, 11389.61ex/s]
 65%|██████▌   | 24000/36670 [00:02<00:01, 11407.97ex/s]
 69%|██████▊   | 25143/36670 [00:02<00:01, 11095.78ex/s]
 72%|███████▏  | 26255/36670 [00:02<00:00, 11083.28ex/s]
 75%|███████▍  | 27365/36670 [00:02<00:00, 10747.02ex/s]
 78%|███████▊  | 28524/36670 [00:02<00:00, 10987.70ex/s]
 81%|████████  | 29673/36670 [00:02<00:00, 11133.53ex/s]
 84%|████████▍ | 30789/36670 [00:02<00:00, 11006.90ex/s]
 87%|████████▋ | 31968/36670 [00:02<00:00, 11235.57ex/s]
 90%|█████████ | 33094/36670 [00:02<00:00, 11108.34ex/s]
 93%|█████████▎| 34207/36670 [00:03<00:00, 11010.50ex/s]
 96%|█████████▋| 35310/36670 [00:03<00:00, 10940.60ex/s]
 99%|█████████▉| 36405/36670 [00:03<00:00, 10904.29ex/s]
100%|██████████| 36670/36670 [00:03<00:00, 11028.24ex/s]

Saving the dataset (0/15 shards):   0%|          | 0/36670 [00:00<?, ? examples/s]
Saving the dataset (0/15 shards):   3%|▎         | 1000/36670 [01:54<1:07:51,  8.76 examples/s]
Saving the dataset (0/15 shards):   5%|▌         | 2000/36670 [02:06<31:23, 18.41 examples/s]  
Saving the dataset (0/15 shards):   8%|▊         | 3000/36670 [02:06<16:39, 33.69 examples/s]
Saving the dataset (0/15 shards):  11%|█         | 4000/36670 [02:07<09:58, 54.61 examples/s]
Saving the dataset (0/15 shards):  14%|█▎        | 5000/36670 [02:08<06:23, 82.48 examples/s]
Saving the dataset (0/15 shards):  16%|█▋        | 6000/36670 [02:13<04:52, 104.98 examples/s]
Saving the dataset (0/15 shards):  19%|█▉        | 7000/36670 [02:13<03:11, 154.87 examples/s]
Saving the dataset (0/15 shards):  22%|██▏       | 8000/36670 [02:14<02:17, 208.28 examples/s]
Saving the dataset (0/15 shards):  25%|██▍       | 9000/36670 [02:20<02:23, 193.02 examples/s]
Saving the dataset (0/15 shards):  27%|██▋       | 10000/36670 [02:22<01:45, 253.30 examples/s]
Saving the dataset (0/15 shards):  30%|██▉       | 11000/36670 [02:25<01:35, 269.66 examples/s]
Saving the dataset (0/15 shards):  33%|███▎      | 12000/36670 [02:29<01:34, 262.34 examples/s]
Saving the dataset (0/15 shards):  35%|███▌      | 13000/36670 [02:36<01:56, 203.05 examples/s]
Saving the dataset (0/15 shards):  38%|███▊      | 14000/36670 [02:38<01:31, 247.27 examples/s]
Saving the dataset (0/15 shards):  41%|████      | 15000/36670 [02:42<01:23, 258.79 examples/s]
Saving the dataset (0/15 shards):  41%|████      | 15000/36670 [02:56<01:23, 258.79 examples/s]
Saving the dataset (0/15 shards):  44%|████▎     | 16000/36670 [04:18<10:53, 31.61 examples/s] 
Saving the dataset (0/15 shards):  46%|████▋     | 17000/36670 [04:29<08:22, 39.13 examples/s]
Saving the dataset (0/15 shards):  49%|████▉     | 18000/36670 [04:30<05:39, 55.01 examples/s]
Saving the dataset (0/15 shards):  52%|█████▏    | 19000/36670 [04:34<04:02, 72.89 examples/s]
Saving the dataset (0/15 shards):  52%|█████▏    | 19000/36670 [04:46<04:02, 72.89 examples/s]
Saving the dataset (0/15 shards):  55%|█████▍    | 20000/36670 [04:47<03:45, 73.79 examples/s]
Saving the dataset (0/15 shards):  57%|█████▋    | 21000/36670 [04:50<02:43, 95.93 examples/s]
Saving the dataset (0/15 shards):  60%|█████▉    | 22000/36670 [04:51<01:49, 133.65 examples/s]
Saving the dataset (0/15 shards):  63%|██████▎   | 23000/36670 [05:03<02:01, 112.32 examples/s]
Saving the dataset (0/15 shards):  65%|██████▌   | 24000/36670 [05:11<01:50, 114.97 examples/s]
Saving the dataset (0/15 shards):  68%|██████▊   | 25000/36670 [05:13<01:18, 148.72 examples/s]
Saving the dataset (0/15 shards):  71%|███████   | 26000/36670 [05:17<01:03, 166.77 examples/s]
Saving the dataset (0/15 shards):  74%|███████▎  | 27000/36670 [05:20<00:49, 196.71 examples/s]
Saving the dataset (0/15 shards):  76%|███████▋  | 28000/36670 [05:22<00:34, 253.34 examples/s]
Saving the dataset (0/15 shards):  78%|███████▊  | 28445/36670 [05:22<00:27, 297.33 examples/s]
Saving the dataset (1/15 shards):  78%|███████▊  | 28445/36670 [05:22<00:27, 297.33 examples/s]
Saving the dataset (1/15 shards):  80%|████████  | 29445/36670 [05:23<00:20, 358.34 examples/s]
Saving the dataset (1/15 shards):  82%|████████▏ | 29890/36670 [05:36<00:48, 139.54 examples/s]
Saving the dataset (2/15 shards):  82%|████████▏ | 29890/36670 [05:36<00:48, 139.54 examples/s]
Saving the dataset (2/15 shards):  84%|████████▍ | 30890/36670 [05:39<00:33, 173.85 examples/s]
Saving the dataset (2/15 shards):  85%|████████▌ | 31335/36670 [05:39<00:26, 203.62 examples/s]
Saving the dataset (3/15 shards):  85%|████████▌ | 31335/36670 [05:39<00:26, 203.62 examples/s]
Saving the dataset (3/15 shards):  87%|████████▋ | 31780/36670 [05:50<00:43, 112.31 examples/s]
Saving the dataset (4/15 shards):  87%|████████▋ | 31780/36670 [05:50<00:43, 112.31 examples/s]
Saving the dataset (4/15 shards):  88%|████████▊ | 32225/36670 [05:53<00:38, 116.78 examples/s]
Saving the dataset (5/15 shards):  88%|████████▊ | 32225/36670 [05:53<00:38, 116.78 examples/s]
Saving the dataset (5/15 shards):  89%|████████▉ | 32669/36670 [06:03<00:47, 83.70 examples/s] 
Saving the dataset (6/15 shards):  89%|████████▉ | 32669/36670 [06:03<00:47, 83.70 examples/s]
Saving the dataset (6/15 shards):  90%|█████████ | 33114/36670 [06:06<00:37, 94.86 examples/s]
Saving the dataset (7/15 shards):  90%|█████████ | 33114/36670 [06:06<00:37, 94.86 examples/s]
Saving the dataset (7/15 shards):  92%|█████████▏| 33558/36670 [06:10<00:31, 100.20 examples/s]
Saving the dataset (8/15 shards):  92%|█████████▏| 33558/36670 [06:10<00:31, 100.20 examples/s]
Saving the dataset (8/15 shards):  93%|█████████▎| 34003/36670 [06:13<00:23, 112.49 examples/s]
Saving the dataset (9/15 shards):  93%|█████████▎| 34003/36670 [06:13<00:23, 112.49 examples/s]
Saving the dataset (9/15 shards):  94%|█████████▍| 34448/36670 [06:14<00:15, 140.49 examples/s]
Saving the dataset (10/15 shards):  94%|█████████▍| 34448/36670 [06:14<00:15, 140.49 examples/s]
Saving the dataset (10/15 shards):  95%|█████████▌| 34892/36670 [06:19<00:14, 120.44 examples/s]
Saving the dataset (11/15 shards):  95%|█████████▌| 34892/36670 [06:19<00:14, 120.44 examples/s]
Saving the dataset (11/15 shards):  96%|█████████▋| 35337/36670 [06:24<00:12, 109.06 examples/s]
Saving the dataset (12/15 shards):  96%|█████████▋| 35337/36670 [06:24<00:12, 109.06 examples/s]
Saving the dataset (12/15 shards):  98%|█████████▊| 35782/36670 [06:26<00:07, 122.21 examples/s]
Saving the dataset (13/15 shards):  98%|█████████▊| 35782/36670 [06:26<00:07, 122.21 examples/s]
Saving the dataset (13/15 shards):  99%|█████████▉| 36226/36670 [06:27<00:02, 168.75 examples/s]
Saving the dataset (14/15 shards):  99%|█████████▉| 36226/36670 [06:27<00:02, 168.75 examples/s]
Saving the dataset (14/15 shards): 100%|██████████| 36670/36670 [06:30<00:00, 160.42 examples/s]
Saving the dataset (15/15 shards): 100%|██████████| 36670/36670 [06:30<00:00, 160.42 examples/s]
                                                                                                
/opt/conda/lib/python3.10/site-packages/datasets/arrow_dataset.py:1533: FutureWarning: 'fs' was is deprecated in favor of 'storage_options' in version 2.8.0 and will be removed in 3.0.0.
You can remove this warning by passing 'storage_options=fs.storage_options' instead.
  warnings.warn(
Special tokens have been added in the vocabulary, make sure the associated word embeddings are fine-tuned or trained.

  0%|          | 0/1146 [00:00<?, ?it/s]
  0%|          | 1/1146 [00:16<5:12:09, 16.36s/it]
  0%|          | 2/1146 [00:25<3:55:16, 12.34s/it]
  0%|          | 3/1146 [00:34<3:25:17, 10.78s/it]
  0%|          | 4/1146 [00:43<3:10:15, 10.00s/it]
  0%|          | 5/1146 [00:52<3:02:22,  9.59s/it]
  1%|          | 6/1146 [01:00<2:52:39,  9.09s/it]
  1%|          | 7/1146 [01:09<2:50:02,  8.96s/it]
  1%|          | 8/1146 [01:18<2:50:49,  9.01s/it]
  1%|          | 9/1146 [01:27<2:49:38,  8.95s/it]
  1%|          | 10/1146 [01:35<2:47:42,  8.86s/it]
  1%|          | 11/1146 [01:44<2:44:24,  8.69s/it]
  1%|          | 12/1146 [01:50<2:32:40,  8.08s/it]
  1%|          | 13/1146 [01:57<2:24:08,  7.63s/it]
  1%|          | 14/1146 [02:05<2:26:40,  7.77s/it]
  1%|▏         | 15/1146 [02:15<2:37:53,  8.38s/it]
  1%|▏         | 16/1146 [02:22<2:29:39,  7.95s/it]
  1%|▏         | 17/1146 [02:30<2:28:18,  7.88s/it]
  2%|▏         | 18/1146 [02:38<2:30:17,  7.99s/it]
  2%|▏         | 19/1146 [02:45<2:23:56,  7.66s/it]
  2%|▏         | 20/1146 [02:53<2:24:48,  7.72s/it]
  2%|▏         | 21/1146 [03:02<2:32:59,  8.16s/it]
  2%|▏         | 22/1146 [03:09<2:29:59,  8.01s/it]
  2%|▏         | 23/1146 [03:18<2:36:09,  8.34s/it]
  2%|▏         | 24/1146 [03:27<2:38:49,  8.49s/it]
  2%|▏         | 25/1146 [03:36<2:40:46,  8.61s/it]
  2%|▏         | 26/1146 [03:45<2:42:12,  8.69s/it]
  2%|▏         | 27/1146 [03:55<2:48:17,  9.02s/it]
  2%|▏         | 28/1146 [04:04<2:50:20,  9.14s/it]
  3%|▎         | 29/1146 [04:12<2:43:18,  8.77s/it]
  3%|▎         | 30/1146 [04:21<2:43:41,  8.80s/it]
  3%|▎         | 31/1146 [04:29<2:38:28,  8.53s/it]
  3%|▎         | 32/1146 [04:38<2:39:20,  8.58s/it]
  3%|▎         | 33/1146 [04:45<2:34:54,  8.35s/it]
  3%|▎         | 34/1146 [04:54<2:37:05,  8.48s/it]
  3%|▎         | 35/1146 [05:03<2:36:29,  8.45s/it]
  3%|▎         | 36/1146 [05:12<2:39:58,  8.65s/it]
  3%|▎         | 37/1146 [05:20<2:37:18,  8.51s/it]
  3%|▎         | 38/1146 [05:29<2:38:35,  8.59s/it]
  3%|▎         | 39/1146 [05:37<2:38:29,  8.59s/it]
  3%|▎         | 40/1146 [05:46<2:37:43,  8.56s/it]
  4%|▎         | 41/1146 [05:54<2:35:10,  8.43s/it]
  4%|▎         | 42/1146 [06:03<2:36:26,  8.50s/it]
  4%|▍         | 43/1146 [06:12<2:41:34,  8.79s/it]
  4%|▍         | 44/1146 [06:20<2:35:09,  8.45s/it]
  4%|▍         | 45/1146 [06:29<2:38:47,  8.65s/it]
  4%|▍         | 46/1146 [06:36<2:28:52,  8.12s/it]
  4%|▍         | 47/1146 [06:38<1:54:03,  6.23s/it]
  4%|▍         | 48/1146 [06:41<1:41:22,  5.54s/it]
  4%|▍         | 49/1146 [06:46<1:35:52,  5.24s/it]
  4%|▍         | 50/1146 [06:52<1:37:33,  5.34s/it]
  4%|▍         | 51/1146 [06:57<1:37:45,  5.36s/it]
  5%|▍         | 52/1146 [07:03<1:41:45,  5.58s/it]
  5%|▍         | 53/1146 [07:07<1:33:41,  5.14s/it]
  5%|▍         | 54/1146 [07:14<1:44:07,  5.72s/it]
  5%|▍         | 55/1146 [07:20<1:45:12,  5.79s/it]
  5%|▍         | 56/1146 [07:24<1:35:08,  5.24s/it]
  5%|▍         | 57/1146 [07:28<1:25:20,  4.70s/it]
  5%|▌         | 58/1146 [07:34<1:32:13,  5.09s/it]
  5%|▌         | 59/1146 [07:39<1:32:22,  5.10s/it]
  5%|▌         | 60/1146 [07:43<1:29:46,  4.96s/it]
  5%|▌         | 61/1146 [07:48<1:29:37,  4.96s/it]
  5%|▌         | 62/1146 [07:52<1:24:32,  4.68s/it]
  5%|▌         | 63/1146 [07:58<1:28:36,  4.91s/it]
  6%|▌         | 64/1146 [08:03<1:31:41,  5.08s/it]
  6%|▌         | 65/1146 [08:08<1:27:06,  4.84s/it]
  6%|▌         | 66/1146 [08:12<1:24:58,  4.72s/it]
  6%|▌         | 67/1146 [08:19<1:35:37,  5.32s/it]
  6%|▌         | 68/1146 [08:23<1:30:56,  5.06s/it]
  6%|▌         | 69/1146 [08:29<1:37:36,  5.44s/it]
  6%|▌         | 70/1146 [08:33<1:27:10,  4.86s/it]
  6%|▌         | 71/1146 [08:39<1:34:58,  5.30s/it]
  6%|▋         | 72/1146 [08:44<1:33:10,  5.21s/it]
  6%|▋         | 73/1146 [08:48<1:25:43,  4.79s/it]
  6%|▋         | 74/1146 [08:54<1:29:18,  5.00s/it]
  7%|▋         | 75/1146 [09:00<1:37:07,  5.44s/it]
  7%|▋         | 76/1146 [09:04<1:29:38,  5.03s/it]
  7%|▋         | 77/1146 [09:10<1:32:34,  5.20s/it]
  7%|▋         | 78/1146 [09:13<1:23:09,  4.67s/it]
  7%|▋         | 79/1146 [09:19<1:29:40,  5.04s/it]
  7%|▋         | 80/1146 [09:24<1:30:39,  5.10s/it]
  7%|▋         | 81/1146 [09:27<1:19:15,  4.47s/it]
  7%|▋         | 82/1146 [09:32<1:19:53,  4.50s/it]
  7%|▋         | 83/1146 [09:35<1:10:45,  3.99s/it]
  7%|▋         | 84/1146 [09:40<1:19:25,  4.49s/it]
  7%|▋         | 85/1146 [09:47<1:30:34,  5.12s/it]
  8%|▊         | 86/1146 [09:51<1:22:47,  4.69s/it]
  8%|▊         | 87/1146 [09:55<1:21:13,  4.60s/it]
  8%|▊         | 88/1146 [10:00<1:23:19,  4.73s/it]
  8%|▊         | 89/1146 [10:06<1:29:40,  5.09s/it]
  8%|▊         | 90/1146 [10:10<1:25:50,  4.88s/it]
  8%|▊         | 91/1146 [10:13<1:15:50,  4.31s/it]
  8%|▊         | 92/1146 [10:19<1:25:13,  4.85s/it]
  8%|▊         | 93/1146 [10:23<1:16:18,  4.35s/it]
  8%|▊         | 94/1146 [10:28<1:21:23,  4.64s/it]
  8%|▊         | 95/1146 [10:32<1:18:56,  4.51s/it]
  8%|▊         | 96/1146 [10:38<1:26:00,  4.91s/it]
  8%|▊         | 97/1146 [10:44<1:29:42,  5.13s/it]
  9%|▊         | 98/1146 [10:48<1:25:36,  4.90s/it]
  9%|▊         | 99/1146 [10:55<1:34:41,  5.43s/it]
  9%|▊         | 100/1146 [10:58<1:24:33,  4.85s/it]
  9%|▉         | 101/1146 [11:04<1:28:29,  5.08s/it]
  9%|▉         | 102/1146 [11:09<1:30:08,  5.18s/it]
  9%|▉         | 103/1146 [11:16<1:36:31,  5.55s/it]
  9%|▉         | 104/1146 [11:19<1:27:32,  5.04s/it]
  9%|▉         | 105/1146 [11:26<1:36:14,  5.55s/it]
  9%|▉         | 106/1146 [11:33<1:40:22,  5.79s/it]
  9%|▉         | 107/1146 [11:39<1:45:46,  6.11s/it]
  9%|▉         | 108/1146 [11:47<1:51:33,  6.45s/it]
 10%|▉         | 109/1146 [11:55<2:00:02,  6.95s/it]
 10%|▉         | 110/1146 [12:00<1:51:40,  6.47s/it]
 10%|▉         | 111/1146 [12:04<1:38:32,  5.71s/it]
 10%|▉         | 112/1146 [12:10<1:38:38,  5.72s/it]
 10%|▉         | 113/1146 [12:15<1:34:02,  5.46s/it]
 10%|▉         | 114/1146 [12:21<1:38:08,  5.71s/it]
 10%|█         | 115/1146 [12:26<1:33:21,  5.43s/it]
 10%|█         | 116/1146 [12:32<1:38:17,  5.73s/it]
 10%|█         | 117/1146 [12:37<1:31:52,  5.36s/it]
 10%|█         | 118/1146 [12:41<1:28:39,  5.17s/it]
 10%|█         | 119/1146 [12:46<1:25:43,  5.01s/it]
 10%|█         | 120/1146 [12:51<1:27:33,  5.12s/it]
 11%|█         | 121/1146 [12:57<1:28:11,  5.16s/it]
 11%|█         | 122/1146 [13:04<1:39:47,  5.85s/it]
 11%|█         | 123/1146 [13:10<1:38:46,  5.79s/it]
 11%|█         | 124/1146 [13:14<1:31:24,  5.37s/it]
 11%|█         | 125/1146 [13:20<1:33:39,  5.50s/it]
 11%|█         | 126/1146 [13:25<1:29:09,  5.24s/it]
 11%|█         | 127/1146 [13:31<1:35:31,  5.62s/it]
 11%|█         | 128/1146 [13:36<1:30:00,  5.31s/it]
 11%|█▏        | 129/1146 [13:42<1:33:22,  5.51s/it]
 11%|█▏        | 130/1146 [13:48<1:36:33,  5.70s/it]
 11%|█▏        | 131/1146 [13:55<1:45:57,  6.26s/it]
 12%|█▏        | 132/1146 [14:00<1:35:17,  5.64s/it]
 12%|█▏        | 133/1146 [14:07<1:46:11,  6.29s/it]
 12%|█▏        | 134/1146 [14:11<1:33:21,  5.53s/it]
 12%|█▏        | 135/1146 [14:18<1:38:30,  5.85s/it]
 12%|█▏        | 136/1146 [14:22<1:30:01,  5.35s/it]
 12%|█▏        | 137/1146 [14:27<1:31:04,  5.42s/it]
 12%|█▏        | 138/1146 [14:31<1:23:24,  4.97s/it]
 12%|█▏        | 139/1146 [14:34<1:13:56,  4.41s/it]
 12%|█▏        | 140/1146 [14:39<1:12:27,  4.32s/it]
 12%|█▏        | 141/1146 [14:45<1:23:01,  4.96s/it]
 12%|█▏        | 142/1146 [14:49<1:17:07,  4.61s/it]
 12%|█▏        | 143/1146 [14:53<1:14:53,  4.48s/it]
 13%|█▎        | 144/1146 [15:01<1:30:33,  5.42s/it]
 13%|█▎        | 145/1146 [15:08<1:39:58,  5.99s/it]
 13%|█▎        | 146/1146 [15:13<1:35:04,  5.70s/it]
 13%|█▎        | 147/1146 [15:17<1:28:26,  5.31s/it]
 13%|█▎        | 148/1146 [15:21<1:19:25,  4.78s/it]
 13%|█▎        | 149/1146 [15:23<1:05:12,  3.92s/it]
 13%|█▎        | 150/1146 [15:28<1:10:10,  4.23s/it]
 13%|█▎        | 151/1146 [15:33<1:16:51,  4.63s/it]
 13%|█▎        | 152/1146 [15:40<1:25:08,  5.14s/it]
 13%|█▎        | 153/1146 [15:46<1:30:08,  5.45s/it]
 13%|█▎        | 154/1146 [15:53<1:40:51,  6.10s/it]
 14%|█▎        | 155/1146 [16:01<1:47:14,  6.49s/it]
 14%|█▎        | 156/1146 [16:06<1:40:31,  6.09s/it]
 14%|█▎        | 157/1146 [16:12<1:39:16,  6.02s/it]
 14%|█▍        | 158/1146 [16:19<1:43:02,  6.26s/it]
 14%|█▍        | 159/1146 [16:27<1:53:35,  6.90s/it]
 14%|█▍        | 160/1146 [16:34<1:53:24,  6.90s/it]
 14%|█▍        | 161/1146 [16:41<1:55:07,  7.01s/it]
 14%|█▍        | 162/1146 [16:47<1:47:25,  6.55s/it]
 14%|█▍        | 163/1146 [16:51<1:34:56,  5.79s/it]
 14%|█▍        | 164/1146 [16:55<1:25:57,  5.25s/it]
 14%|█▍        | 165/1146 [17:01<1:29:00,  5.44s/it]
 14%|█▍        | 166/1146 [17:05<1:25:17,  5.22s/it]
 15%|█▍        | 167/1146 [17:12<1:30:09,  5.53s/it]
 15%|█▍        | 168/1146 [17:19<1:40:04,  6.14s/it]
 15%|█▍        | 169/1146 [17:24<1:32:40,  5.69s/it]
 15%|█▍        | 170/1146 [17:30<1:32:49,  5.71s/it]
 15%|█▍        | 171/1146 [17:34<1:24:32,  5.20s/it]
 15%|█▌        | 172/1146 [17:39<1:24:40,  5.22s/it]
 15%|█▌        | 173/1146 [17:42<1:16:27,  4.72s/it]
 15%|█▌        | 174/1146 [17:49<1:24:17,  5.20s/it]
 15%|█▌        | 175/1146 [17:57<1:39:02,  6.12s/it]
 15%|█▌        | 176/1146 [18:06<1:54:19,  7.07s/it]
 15%|█▌        | 177/1146 [18:14<1:55:34,  7.16s/it]
 16%|█▌        | 178/1146 [18:23<2:07:57,  7.93s/it]
 16%|█▌        | 179/1146 [18:33<2:15:59,  8.44s/it]
 16%|█▌        | 180/1146 [18:41<2:15:23,  8.41s/it]
 16%|█▌        | 181/1146 [18:48<2:08:22,  7.98s/it]
 16%|█▌        | 182/1146 [18:57<2:09:07,  8.04s/it]
 16%|█▌        | 183/1146 [19:06<2:16:23,  8.50s/it]
 16%|█▌        | 184/1146 [19:15<2:17:17,  8.56s/it]
 16%|█▌        | 185/1146 [19:22<2:10:34,  8.15s/it]
 16%|█▌        | 186/1146 [19:31<2:16:07,  8.51s/it]
 16%|█▋        | 187/1146 [19:41<2:19:30,  8.73s/it]
 16%|█▋        | 188/1146 [19:50<2:24:16,  9.04s/it]
 16%|█▋        | 189/1146 [19:58<2:15:32,  8.50s/it]
 17%|█▋        | 190/1146 [20:06<2:15:13,  8.49s/it]
 17%|█▋        | 191/1146 [20:14<2:11:44,  8.28s/it]
 17%|█▋        | 192/1146 [20:23<2:15:26,  8.52s/it]
 17%|█▋        | 193/1146 [20:30<2:08:58,  8.12s/it]
 17%|█▋        | 194/1146 [20:34<1:49:00,  6.87s/it]
 17%|█▋        | 195/1146 [20:38<1:34:02,  5.93s/it]
 17%|█▋        | 196/1146 [20:41<1:22:11,  5.19s/it]
 17%|█▋        | 197/1146 [20:45<1:13:42,  4.66s/it]
 17%|█▋        | 198/1146 [20:48<1:07:48,  4.29s/it]
 17%|█▋        | 199/1146 [20:52<1:06:16,  4.20s/it]
 17%|█▋        | 200/1146 [20:56<1:03:00,  4.00s/it]
 18%|█▊        | 201/1146 [21:00<1:04:28,  4.09s/it]
 18%|█▊        | 202/1146 [21:03<1:00:12,  3.83s/it]
 18%|█▊        | 203/1146 [21:07<58:46,  3.74s/it]  
 18%|█▊        | 204/1146 [21:11<59:54,  3.82s/it]
 18%|█▊        | 205/1146 [21:14<58:14,  3.71s/it]
 18%|█▊        | 206/1146 [21:18<58:05,  3.71s/it]
 18%|█▊        | 207/1146 [21:21<56:44,  3.63s/it]
 18%|█▊        | 208/1146 [21:26<1:03:04,  4.03s/it]
 18%|█▊        | 209/1146 [21:34<1:20:51,  5.18s/it]
 18%|█▊        | 210/1146 [21:42<1:34:51,  6.08s/it]
 18%|█▊        | 211/1146 [21:47<1:26:14,  5.53s/it]
 18%|█▊        | 212/1146 [21:50<1:17:27,  4.98s/it]
 19%|█▊        | 213/1146 [21:54<1:13:19,  4.72s/it]
 19%|█▊        | 214/1146 [21:58<1:09:14,  4.46s/it]
 19%|█▉        | 215/1146 [22:03<1:08:55,  4.44s/it]
 19%|█▉        | 216/1146 [22:07<1:06:53,  4.32s/it]
 19%|█▉        | 217/1146 [22:11<1:05:52,  4.25s/it]
 19%|█▉        | 218/1146 [22:14<1:03:07,  4.08s/it]
 19%|█▉        | 219/1146 [22:21<1:16:24,  4.95s/it]
 19%|█▉        | 220/1146 [22:31<1:38:14,  6.37s/it]
 19%|█▉        | 221/1146 [22:41<1:55:34,  7.50s/it]
 19%|█▉        | 222/1146 [22:49<1:58:56,  7.72s/it]
 19%|█▉        | 223/1146 [22:57<1:59:23,  7.76s/it]
 20%|█▉        | 224/1146 [23:04<1:56:16,  7.57s/it]
 20%|█▉        | 225/1146 [23:14<2:05:14,  8.16s/it]
 20%|█▉        | 226/1146 [23:23<2:09:41,  8.46s/it]
 20%|█▉        | 227/1146 [23:32<2:11:23,  8.58s/it]
 20%|█▉        | 228/1146 [23:41<2:14:01,  8.76s/it]
 20%|█▉        | 229/1146 [23:50<2:16:16,  8.92s/it]
 20%|██        | 230/1146 [23:59<2:16:21,  8.93s/it]
 20%|██        | 231/1146 [24:08<2:16:50,  8.97s/it]
 20%|██        | 232/1146 [24:18<2:17:49,  9.05s/it]
 20%|██        | 233/1146 [24:27<2:17:22,  9.03s/it]
 20%|██        | 234/1146 [24:35<2:15:45,  8.93s/it]
 21%|██        | 235/1146 [24:43<2:08:16,  8.45s/it]
 21%|██        | 236/1146 [24:50<2:04:56,  8.24s/it]
 21%|██        | 237/1146 [24:59<2:07:58,  8.45s/it]
 21%|██        | 238/1146 [25:07<2:02:29,  8.09s/it]
 21%|██        | 239/1146 [25:15<2:05:38,  8.31s/it]
 21%|██        | 240/1146 [25:23<2:02:51,  8.14s/it]
 21%|██        | 241/1146 [25:32<2:06:46,  8.41s/it]
 21%|██        | 242/1146 [25:40<2:05:53,  8.36s/it]
 21%|██        | 243/1146 [25:49<2:04:34,  8.28s/it]
 21%|██▏       | 244/1146 [25:58<2:08:51,  8.57s/it]
 21%|██▏       | 245/1146 [26:07<2:11:50,  8.78s/it]
 21%|██▏       | 246/1146 [26:17<2:15:11,  9.01s/it]
 22%|██▏       | 247/1146 [26:24<2:09:28,  8.64s/it]
 22%|██▏       | 248/1146 [26:34<2:13:53,  8.95s/it]
 22%|██▏       | 249/1146 [26:42<2:08:56,  8.63s/it]
 22%|██▏       | 250/1146 [26:51<2:12:38,  8.88s/it]
 22%|██▏       | 251/1146 [26:59<2:05:34,  8.42s/it]
 22%|██▏       | 252/1146 [27:08<2:09:21,  8.68s/it]
 22%|██▏       | 253/1146 [27:18<2:14:44,  9.05s/it]
 22%|██▏       | 254/1146 [27:26<2:12:07,  8.89s/it]
 22%|██▏       | 255/1146 [27:35<2:11:08,  8.83s/it]
 22%|██▏       | 256/1146 [27:44<2:11:54,  8.89s/it]
 22%|██▏       | 257/1146 [27:53<2:11:01,  8.84s/it]
 23%|██▎       | 258/1146 [28:01<2:05:59,  8.51s/it]
 23%|██▎       | 259/1146 [28:10<2:09:20,  8.75s/it]
 23%|██▎       | 260/1146 [28:19<2:12:37,  8.98s/it]
 23%|██▎       | 261/1146 [28:29<2:14:58,  9.15s/it]
 23%|██▎       | 262/1146 [28:37<2:08:06,  8.69s/it]
 23%|██▎       | 263/1146 [28:46<2:09:40,  8.81s/it]
 23%|██▎       | 264/1146 [28:55<2:12:48,  9.03s/it]
 23%|██▎       | 265/1146 [29:04<2:11:03,  8.93s/it]
 23%|██▎       | 266/1146 [29:12<2:07:43,  8.71s/it]
 23%|██▎       | 267/1146 [29:22<2:11:13,  8.96s/it]
 23%|██▎       | 268/1146 [29:32<2:15:04,  9.23s/it]
 23%|██▎       | 269/1146 [29:41<2:15:34,  9.28s/it]
 24%|██▎       | 270/1146 [29:50<2:13:47,  9.16s/it]
 24%|██▎       | 271/1146 [29:58<2:07:22,  8.73s/it]
 24%|██▎       | 272/1146 [30:06<2:06:00,  8.65s/it]
 24%|██▍       | 273/1146 [30:15<2:06:25,  8.69s/it]
 24%|██▍       | 274/1146 [30:23<2:04:13,  8.55s/it]
 24%|██▍       | 275/1146 [30:30<1:58:53,  8.19s/it]
 24%|██▍       | 276/1146 [30:40<2:04:30,  8.59s/it]
 24%|██▍       | 277/1146 [30:49<2:07:03,  8.77s/it]
 24%|██▍       | 278/1146 [30:58<2:08:44,  8.90s/it]
 24%|██▍       | 279/1146 [31:08<2:12:33,  9.17s/it]
 24%|██▍       | 280/1146 [31:18<2:13:48,  9.27s/it]
 25%|██▍       | 281/1146 [31:27<2:12:58,  9.22s/it]
 25%|██▍       | 282/1146 [31:36<2:12:32,  9.20s/it]
 25%|██▍       | 283/1146 [31:45<2:13:13,  9.26s/it]
 25%|██▍       | 284/1146 [31:55<2:12:47,  9.24s/it]
 25%|██▍       | 285/1146 [32:05<2:16:07,  9.49s/it]
 25%|██▍       | 286/1146 [32:15<2:20:00,  9.77s/it]
 25%|██▌       | 287/1146 [32:25<2:19:08,  9.72s/it]
 25%|██▌       | 288/1146 [32:34<2:16:45,  9.56s/it]
 25%|██▌       | 289/1146 [32:43<2:13:35,  9.35s/it]
 25%|██▌       | 290/1146 [32:52<2:13:39,  9.37s/it]
 25%|██▌       | 291/1146 [33:01<2:13:34,  9.37s/it]
 25%|██▌       | 292/1146 [33:09<2:07:14,  8.94s/it]
 26%|██▌       | 293/1146 [33:18<2:06:43,  8.91s/it]
 26%|██▌       | 294/1146 [33:27<2:06:50,  8.93s/it]
 26%|██▌       | 295/1146 [33:36<2:05:03,  8.82s/it]
 26%|██▌       | 296/1146 [33:43<1:58:47,  8.39s/it]
 26%|██▌       | 297/1146 [33:51<1:55:25,  8.16s/it]
 26%|██▌       | 298/1146 [33:57<1:48:22,  7.67s/it]
 26%|██▌       | 299/1146 [34:04<1:42:47,  7.28s/it]
 26%|██▌       | 300/1146 [34:11<1:44:54,  7.44s/it]
 26%|██▋       | 301/1146 [34:19<1:46:25,  7.56s/it]
 26%|██▋       | 302/1146 [34:26<1:43:16,  7.34s/it]
 26%|██▋       | 303/1146 [34:33<1:41:04,  7.19s/it]
 27%|██▋       | 304/1146 [34:40<1:42:08,  7.28s/it]
 27%|██▋       | 305/1146 [34:47<1:40:18,  7.16s/it]
 27%|██▋       | 306/1146 [34:54<1:39:22,  7.10s/it]
 27%|██▋       | 307/1146 [35:00<1:35:27,  6.83s/it]
 27%|██▋       | 308/1146 [35:07<1:34:40,  6.78s/it]
 27%|██▋       | 309/1146 [35:14<1:33:17,  6.69s/it]
 27%|██▋       | 310/1146 [35:21<1:37:09,  6.97s/it]
 27%|██▋       | 311/1146 [35:28<1:35:18,  6.85s/it]
 27%|██▋       | 312/1146 [35:35<1:37:18,  7.00s/it]
 27%|██▋       | 313/1146 [35:42<1:34:36,  6.81s/it]
 27%|██▋       | 314/1146 [35:48<1:32:10,  6.65s/it]
 27%|██▋       | 315/1146 [35:55<1:35:22,  6.89s/it]
 28%|██▊       | 316/1146 [36:02<1:34:55,  6.86s/it]
 28%|██▊       | 317/1146 [36:09<1:34:17,  6.82s/it]
 28%|██▊       | 318/1146 [36:16<1:35:24,  6.91s/it]
 28%|██▊       | 319/1146 [36:23<1:34:12,  6.83s/it]
 28%|██▊       | 320/1146 [36:30<1:36:55,  7.04s/it]
 28%|██▊       | 321/1146 [36:37<1:34:50,  6.90s/it]
 28%|██▊       | 322/1146 [36:44<1:37:10,  7.08s/it]
 28%|██▊       | 323/1146 [36:51<1:37:22,  7.10s/it]
 28%|██▊       | 324/1146 [36:59<1:40:28,  7.33s/it]
 28%|██▊       | 325/1146 [37:07<1:40:25,  7.34s/it]
 28%|██▊       | 326/1146 [37:13<1:36:06,  7.03s/it]
 29%|██▊       | 327/1146 [37:20<1:35:06,  6.97s/it]
 29%|██▊       | 328/1146 [37:27<1:37:48,  7.17s/it]
 29%|██▊       | 329/1146 [37:34<1:34:17,  6.92s/it]
 29%|██▉       | 330/1146 [37:41<1:34:24,  6.94s/it]
 29%|██▉       | 331/1146 [37:48<1:34:36,  6.96s/it]
 29%|██▉       | 332/1146 [37:55<1:36:49,  7.14s/it]
 29%|██▉       | 333/1146 [38:02<1:34:50,  7.00s/it]
 29%|██▉       | 334/1146 [38:09<1:35:04,  7.03s/it]
 29%|██▉       | 335/1146 [38:16<1:34:00,  6.96s/it]
 29%|██▉       | 336/1146 [38:22<1:30:26,  6.70s/it]
 29%|██▉       | 337/1146 [38:28<1:28:40,  6.58s/it]
 29%|██▉       | 338/1146 [38:35<1:30:26,  6.72s/it]
 30%|██▉       | 339/1146 [38:42<1:30:33,  6.73s/it]
 30%|██▉       | 340/1146 [38:49<1:31:31,  6.81s/it]
 30%|██▉       | 341/1146 [38:56<1:31:05,  6.79s/it]
 30%|██▉       | 342/1146 [39:02<1:30:51,  6.78s/it]
 30%|██▉       | 343/1146 [39:09<1:27:48,  6.56s/it]
 30%|███       | 344/1146 [39:15<1:28:48,  6.64s/it]
 30%|███       | 345/1146 [39:23<1:31:46,  6.87s/it]
 30%|███       | 346/1146 [39:29<1:28:13,  6.62s/it]
 30%|███       | 347/1146 [39:35<1:28:26,  6.64s/it]
 30%|███       | 348/1146 [39:42<1:25:56,  6.46s/it]
 30%|███       | 349/1146 [39:48<1:26:04,  6.48s/it]
 31%|███       | 350/1146 [39:54<1:22:17,  6.20s/it]
 31%|███       | 351/1146 [40:00<1:22:19,  6.21s/it]
 31%|███       | 352/1146 [40:07<1:24:18,  6.37s/it]
 31%|███       | 353/1146 [40:14<1:28:09,  6.67s/it]
 31%|███       | 354/1146 [40:20<1:26:57,  6.59s/it]
 31%|███       | 355/1146 [40:26<1:22:52,  6.29s/it]
 31%|███       | 356/1146 [40:32<1:22:20,  6.25s/it]
 31%|███       | 357/1146 [40:39<1:26:37,  6.59s/it]
 31%|███       | 358/1146 [40:46<1:27:48,  6.69s/it]
 31%|███▏      | 359/1146 [40:52<1:25:22,  6.51s/it]
 31%|███▏      | 360/1146 [40:58<1:21:41,  6.24s/it]
 32%|███▏      | 361/1146 [41:05<1:23:11,  6.36s/it]
 32%|███▏      | 362/1146 [41:10<1:18:08,  5.98s/it]
 32%|███▏      | 363/1146 [41:16<1:20:26,  6.16s/it]
 32%|███▏      | 364/1146 [41:22<1:17:30,  5.95s/it]
 32%|███▏      | 365/1146 [41:28<1:18:03,  6.00s/it]
 32%|███▏      | 366/1146 [41:34<1:17:56,  6.00s/it]
 32%|███▏      | 367/1146 [41:39<1:15:45,  5.84s/it]
 32%|███▏      | 368/1146 [41:46<1:19:46,  6.15s/it]
 32%|███▏      | 369/1146 [41:53<1:22:27,  6.37s/it]
 32%|███▏      | 370/1146 [42:00<1:24:47,  6.56s/it]
 32%|███▏      | 371/1146 [42:07<1:24:30,  6.54s/it]
 32%|███▏      | 372/1146 [42:12<1:19:49,  6.19s/it]
 33%|███▎      | 373/1146 [42:19<1:24:20,  6.55s/it]
 33%|███▎      | 374/1146 [42:26<1:24:42,  6.58s/it]
 33%|███▎      | 375/1146 [42:34<1:29:36,  6.97s/it]
 33%|███▎      | 376/1146 [42:40<1:25:19,  6.65s/it]
 33%|███▎      | 377/1146 [42:47<1:27:38,  6.84s/it]
 33%|███▎      | 378/1146 [42:54<1:28:48,  6.94s/it]
 33%|███▎      | 379/1146 [43:00<1:24:23,  6.60s/it]
 33%|███▎      | 380/1146 [43:07<1:24:03,  6.58s/it]
 33%|███▎      | 381/1146 [43:14<1:26:40,  6.80s/it]
 33%|███▎      | 382/1146 [43:22<1:29:25,  7.02s/it]
 33%|███▎      | 383/1146 [43:28<1:26:22,  6.79s/it]
 34%|███▎      | 384/1146 [43:34<1:23:03,  6.54s/it]
 34%|███▎      | 385/1146 [43:41<1:24:57,  6.70s/it]
 34%|███▎      | 386/1146 [43:47<1:23:19,  6.58s/it]
 34%|███▍      | 387/1146 [43:54<1:25:51,  6.79s/it]
 34%|███▍      | 388/1146 [44:00<1:23:07,  6.58s/it]
 34%|███▍      | 389/1146 [44:06<1:20:31,  6.38s/it]
 34%|███▍      | 390/1146 [44:13<1:20:39,  6.40s/it]
 34%|███▍      | 391/1146 [44:21<1:26:10,  6.85s/it]
 34%|███▍      | 392/1146 [44:28<1:27:40,  6.98s/it]
 34%|███▍      | 393/1146 [44:35<1:29:04,  7.10s/it]
 34%|███▍      | 394/1146 [44:42<1:25:34,  6.83s/it]
 34%|███▍      | 395/1146 [44:49<1:28:52,  7.10s/it]
 35%|███▍      | 396/1146 [44:56<1:28:14,  7.06s/it]
 35%|███▍      | 397/1146 [45:04<1:29:55,  7.20s/it]
 35%|███▍      | 398/1146 [45:10<1:26:06,  6.91s/it]
 35%|███▍      | 399/1146 [45:18<1:29:27,  7.18s/it]
 35%|███▍      | 400/1146 [45:25<1:29:10,  7.17s/it]
 35%|███▍      | 401/1146 [45:33<1:30:49,  7.32s/it]
 35%|███▌      | 402/1146 [45:40<1:29:08,  7.19s/it]
 35%|███▌      | 403/1146 [45:47<1:30:30,  7.31s/it]
 35%|███▌      | 404/1146 [45:54<1:29:33,  7.24s/it]
 35%|███▌      | 405/1146 [46:00<1:22:54,  6.71s/it]
 35%|███▌      | 406/1146 [46:06<1:22:33,  6.69s/it]
 36%|███▌      | 407/1146 [46:12<1:18:26,  6.37s/it]
 36%|███▌      | 408/1146 [46:17<1:13:39,  5.99s/it]
 36%|███▌      | 409/1146 [46:24<1:17:48,  6.34s/it]
 36%|███▌      | 410/1146 [46:31<1:20:30,  6.56s/it]
 36%|███▌      | 411/1146 [46:39<1:24:53,  6.93s/it]
 36%|███▌      | 412/1146 [46:49<1:35:20,  7.79s/it]
 36%|███▌      | 413/1146 [46:58<1:41:47,  8.33s/it]
 36%|███▌      | 414/1146 [47:07<1:42:59,  8.44s/it]
 36%|███▌      | 415/1146 [47:16<1:45:41,  8.67s/it]
 36%|███▋      | 416/1146 [47:26<1:47:15,  8.82s/it]
 36%|███▋      | 417/1146 [47:34<1:45:20,  8.67s/it]
 36%|███▋      | 418/1146 [47:43<1:48:14,  8.92s/it]
 37%|███▋      | 419/1146 [47:53<1:51:01,  9.16s/it]
 37%|███▋      | 420/1146 [48:02<1:51:19,  9.20s/it]
 37%|███▋      | 421/1146 [48:12<1:53:08,  9.36s/it]
 37%|███▋      | 422/1146 [48:21<1:52:34,  9.33s/it]
 37%|███▋      | 423/1146 [48:31<1:52:31,  9.34s/it]
 37%|███▋      | 424/1146 [48:40<1:51:59,  9.31s/it]
 37%|███▋      | 425/1146 [48:48<1:47:40,  8.96s/it]
 37%|███▋      | 426/1146 [48:56<1:44:03,  8.67s/it]
 37%|███▋      | 427/1146 [49:04<1:41:33,  8.47s/it]
 37%|███▋      | 428/1146 [49:11<1:37:02,  8.11s/it]
 37%|███▋      | 429/1146 [49:20<1:37:47,  8.18s/it]
 38%|███▊      | 430/1146 [49:27<1:35:42,  8.02s/it]
 38%|███▊      | 431/1146 [49:36<1:37:02,  8.14s/it]
 38%|███▊      | 432/1146 [49:43<1:34:17,  7.92s/it]
 38%|███▊      | 433/1146 [49:51<1:35:04,  8.00s/it]
 38%|███▊      | 434/1146 [50:00<1:35:24,  8.04s/it]
 38%|███▊      | 435/1146 [50:07<1:34:49,  8.00s/it]
 38%|███▊      | 436/1146 [50:16<1:35:45,  8.09s/it]
 38%|███▊      | 437/1146 [50:24<1:35:03,  8.04s/it]
 38%|███▊      | 438/1146 [50:29<1:26:10,  7.30s/it]
 38%|███▊      | 439/1146 [50:35<1:21:11,  6.89s/it]
 38%|███▊      | 440/1146 [50:41<1:18:54,  6.71s/it]
 38%|███▊      | 441/1146 [50:47<1:14:52,  6.37s/it]
 39%|███▊      | 442/1146 [50:53<1:13:53,  6.30s/it]
 39%|███▊      | 443/1146 [50:59<1:11:16,  6.08s/it]
 39%|███▊      | 444/1146 [51:05<1:10:08,  5.99s/it]
 39%|███▉      | 445/1146 [51:10<1:08:45,  5.88s/it]
 39%|███▉      | 446/1146 [51:17<1:12:26,  6.21s/it]
 39%|███▉      | 447/1146 [51:23<1:09:24,  5.96s/it]
 39%|███▉      | 448/1146 [51:28<1:06:20,  5.70s/it]
 39%|███▉      | 449/1146 [51:34<1:07:02,  5.77s/it]
 39%|███▉      | 450/1146 [51:40<1:08:38,  5.92s/it]
 39%|███▉      | 451/1146 [51:46<1:10:12,  6.06s/it]
 39%|███▉      | 452/1146 [51:52<1:10:04,  6.06s/it]
 40%|███▉      | 453/1146 [51:59<1:12:01,  6.24s/it]
 40%|███▉      | 454/1146 [52:05<1:12:25,  6.28s/it]
 40%|███▉      | 455/1146 [52:12<1:14:23,  6.46s/it]
 40%|███▉      | 456/1146 [52:18<1:12:28,  6.30s/it]
 40%|███▉      | 457/1146 [52:23<1:05:54,  5.74s/it]
 40%|███▉      | 458/1146 [52:28<1:04:52,  5.66s/it]
 40%|████      | 459/1146 [52:34<1:07:14,  5.87s/it]
 40%|████      | 460/1146 [52:40<1:06:44,  5.84s/it]
 40%|████      | 461/1146 [52:46<1:06:20,  5.81s/it]
 40%|████      | 462/1146 [52:52<1:07:11,  5.89s/it]
 40%|████      | 463/1146 [52:58<1:06:40,  5.86s/it]
 40%|████      | 464/1146 [53:03<1:05:33,  5.77s/it]
 41%|████      | 465/1146 [53:10<1:07:16,  5.93s/it]
 41%|████      | 466/1146 [53:16<1:08:52,  6.08s/it]
 41%|████      | 467/1146 [53:23<1:10:20,  6.22s/it]
 41%|████      | 468/1146 [53:29<1:10:44,  6.26s/it]
 41%|████      | 469/1146 [53:35<1:09:32,  6.16s/it]
 41%|████      | 470/1146 [53:41<1:08:47,  6.11s/it]
 41%|████      | 471/1146 [53:47<1:09:06,  6.14s/it]
 41%|████      | 472/1146 [53:54<1:11:25,  6.36s/it]
 41%|████▏     | 473/1146 [54:01<1:13:04,  6.52s/it]
 41%|████▏     | 474/1146 [54:08<1:13:38,  6.58s/it]
 41%|████▏     | 475/1146 [54:15<1:17:18,  6.91s/it]
 42%|████▏     | 476/1146 [54:22<1:16:28,  6.85s/it]
 42%|████▏     | 477/1146 [54:28<1:15:06,  6.74s/it]
 42%|████▏     | 478/1146 [54:35<1:12:56,  6.55s/it]
 42%|████▏     | 479/1146 [54:41<1:11:18,  6.41s/it]
 42%|████▏     | 480/1146 [54:46<1:09:06,  6.23s/it]
 42%|████▏     | 481/1146 [54:52<1:08:10,  6.15s/it]
 42%|████▏     | 482/1146 [54:58<1:06:02,  5.97s/it]
 42%|████▏     | 483/1146 [55:03<1:01:59,  5.61s/it]
 42%|████▏     | 484/1146 [55:07<58:50,  5.33s/it]  
 42%|████▏     | 485/1146 [55:12<55:17,  5.02s/it]
 42%|████▏     | 486/1146 [55:17<55:45,  5.07s/it]
 42%|████▏     | 487/1146 [55:23<58:16,  5.31s/it]
 43%|████▎     | 488/1146 [55:28<57:07,  5.21s/it]
 43%|████▎     | 489/1146 [55:33<56:52,  5.19s/it]
 43%|████▎     | 490/1146 [55:39<1:00:04,  5.50s/it]
 43%|████▎     | 491/1146 [55:45<1:00:34,  5.55s/it]
 43%|████▎     | 492/1146 [55:50<59:14,  5.43s/it]  
 43%|████▎     | 493/1146 [55:54<55:34,  5.11s/it]
 43%|████▎     | 494/1146 [56:00<56:39,  5.21s/it]
 43%|████▎     | 495/1146 [56:06<59:03,  5.44s/it]
 43%|████▎     | 496/1146 [56:12<1:03:11,  5.83s/it]
 43%|████▎     | 497/1146 [56:19<1:04:55,  6.00s/it]
 43%|████▎     | 498/1146 [56:25<1:05:25,  6.06s/it]
 44%|████▎     | 499/1146 [56:31<1:04:06,  5.95s/it]
 44%|████▎     | 500/1146 [56:37<1:06:23,  6.17s/it]
 44%|████▎     | 501/1146 [56:43<1:05:29,  6.09s/it]
 44%|████▍     | 502/1146 [56:49<1:05:18,  6.08s/it]
 44%|████▍     | 503/1146 [56:55<1:04:58,  6.06s/it]
 44%|████▍     | 504/1146 [57:01<1:02:00,  5.79s/it]
 44%|████▍     | 505/1146 [57:06<1:01:13,  5.73s/it]
 44%|████▍     | 506/1146 [57:09<53:16,  5.00s/it]  
 44%|████▍     | 507/1146 [57:13<50:07,  4.71s/it]
 44%|████▍     | 508/1146 [57:18<50:31,  4.75s/it]
 44%|████▍     | 509/1146 [57:22<48:05,  4.53s/it]
 45%|████▍     | 510/1146 [57:26<45:09,  4.26s/it]
 45%|████▍     | 511/1146 [57:30<44:57,  4.25s/it]
 45%|████▍     | 512/1146 [57:36<50:59,  4.83s/it]
 45%|████▍     | 513/1146 [57:43<57:12,  5.42s/it]
 45%|████▍     | 514/1146 [57:49<59:08,  5.61s/it]
 45%|████▍     | 515/1146 [57:53<54:25,  5.18s/it]
 45%|████▌     | 516/1146 [57:58<51:58,  4.95s/it]
 45%|████▌     | 517/1146 [58:03<51:27,  4.91s/it]
 45%|████▌     | 518/1146 [58:07<51:03,  4.88s/it]
 45%|████▌     | 519/1146 [58:13<54:33,  5.22s/it]
 45%|████▌     | 520/1146 [58:19<55:17,  5.30s/it]
 45%|████▌     | 521/1146 [58:25<57:44,  5.54s/it]
 46%|████▌     | 522/1146 [58:31<58:35,  5.63s/it]
 46%|████▌     | 523/1146 [58:37<1:01:29,  5.92s/it]
 46%|████▌     | 524/1146 [58:45<1:04:59,  6.27s/it]
 46%|████▌     | 525/1146 [58:50<1:03:23,  6.13s/it]
 46%|████▌     | 526/1146 [58:56<1:00:34,  5.86s/it]
 46%|████▌     | 527/1146 [59:00<57:12,  5.55s/it]  
 46%|████▌     | 528/1146 [59:06<56:17,  5.47s/it]
 46%|████▌     | 529/1146 [59:11<56:32,  5.50s/it]
 46%|████▌     | 530/1146 [59:16<54:34,  5.32s/it]
 46%|████▋     | 531/1146 [59:22<55:14,  5.39s/it]
 46%|████▋     | 532/1146 [59:28<57:35,  5.63s/it]
 47%|████▋     | 533/1146 [59:34<58:26,  5.72s/it]
 47%|████▋     | 534/1146 [59:39<57:23,  5.63s/it]
 47%|████▋     | 535/1146 [59:45<57:00,  5.60s/it]
 47%|████▋     | 536/1146 [59:50<55:35,  5.47s/it]
 47%|████▋     | 537/1146 [59:56<55:55,  5.51s/it]
 47%|████▋     | 538/1146 [1:00:01<55:33,  5.48s/it]
 47%|████▋     | 539/1146 [1:00:07<56:37,  5.60s/it]
 47%|████▋     | 540/1146 [1:00:13<56:47,  5.62s/it]
 47%|████▋     | 541/1146 [1:00:19<58:15,  5.78s/it]
 47%|████▋     | 542/1146 [1:00:25<58:50,  5.85s/it]
 47%|████▋     | 543/1146 [1:00:31<1:00:15,  6.00s/it]
 47%|████▋     | 544/1146 [1:00:37<1:00:10,  6.00s/it]
 48%|████▊     | 545/1146 [1:00:42<57:23,  5.73s/it]  
 48%|████▊     | 546/1146 [1:00:47<55:36,  5.56s/it]
 48%|████▊     | 547/1146 [1:00:54<58:31,  5.86s/it]
 48%|████▊     | 548/1146 [1:01:00<59:29,  5.97s/it]
 48%|████▊     | 549/1146 [1:01:06<58:29,  5.88s/it]
 48%|████▊     | 550/1146 [1:01:11<56:33,  5.69s/it]
 48%|████▊     | 551/1146 [1:01:16<54:18,  5.48s/it]
 48%|████▊     | 552/1146 [1:01:21<53:17,  5.38s/it]
 48%|████▊     | 553/1146 [1:01:26<52:48,  5.34s/it]
 48%|████▊     | 554/1146 [1:01:33<55:22,  5.61s/it]
 48%|████▊     | 555/1146 [1:01:39<57:44,  5.86s/it]
 49%|████▊     | 556/1146 [1:01:45<59:10,  6.02s/it]
 49%|████▊     | 557/1146 [1:01:50<56:13,  5.73s/it]
 49%|████▊     | 558/1146 [1:01:56<55:31,  5.67s/it]
 49%|████▉     | 559/1146 [1:02:02<57:27,  5.87s/it]
 49%|████▉     | 560/1146 [1:02:09<59:00,  6.04s/it]
 49%|████▉     | 561/1146 [1:02:16<1:01:00,  6.26s/it]
 49%|████▉     | 562/1146 [1:02:22<1:00:36,  6.23s/it]
 49%|████▉     | 563/1146 [1:02:28<1:00:07,  6.19s/it]
 49%|████▉     | 564/1146 [1:02:34<1:01:10,  6.31s/it]
 49%|████▉     | 565/1146 [1:02:40<1:00:09,  6.21s/it]
 49%|████▉     | 566/1146 [1:02:46<58:15,  6.03s/it]  
 49%|████▉     | 567/1146 [1:02:52<59:35,  6.17s/it]
 50%|████▉     | 568/1146 [1:02:57<54:21,  5.64s/it]
 50%|████▉     | 569/1146 [1:03:03<54:35,  5.68s/it]
 50%|████▉     | 570/1146 [1:03:09<56:33,  5.89s/it]
 50%|████▉     | 571/1146 [1:03:15<57:40,  6.02s/it]
 50%|████▉     | 572/1146 [1:03:21<57:23,  6.00s/it]
 50%|█████     | 573/1146 [1:03:28<57:52,  6.06s/it]
 50%|█████     | 574/1146 [1:03:34<58:50,  6.17s/it]
 50%|█████     | 575/1146 [1:03:40<59:18,  6.23s/it]
 50%|█████     | 576/1146 [1:03:46<58:01,  6.11s/it]
 50%|█████     | 577/1146 [1:03:52<57:32,  6.07s/it]
 50%|█████     | 578/1146 [1:03:58<56:05,  5.93s/it]
 51%|█████     | 579/1146 [1:04:04<56:30,  5.98s/it]
 51%|█████     | 580/1146 [1:04:09<55:11,  5.85s/it]
 51%|█████     | 581/1146 [1:04:15<53:52,  5.72s/it]
 51%|█████     | 582/1146 [1:04:20<51:30,  5.48s/it]
 51%|█████     | 583/1146 [1:04:25<50:44,  5.41s/it]
 51%|█████     | 584/1146 [1:04:30<49:08,  5.25s/it]
 51%|█████     | 585/1146 [1:04:36<52:28,  5.61s/it]
 51%|█████     | 586/1146 [1:04:43<54:42,  5.86s/it]
 51%|█████     | 587/1146 [1:04:50<57:17,  6.15s/it]
 51%|█████▏    | 588/1146 [1:04:55<55:29,  5.97s/it]
 51%|█████▏    | 589/1146 [1:05:00<53:44,  5.79s/it]
 51%|█████▏    | 590/1146 [1:05:07<55:53,  6.03s/it]
 52%|█████▏    | 591/1146 [1:05:13<54:43,  5.92s/it]
 52%|█████▏    | 592/1146 [1:05:19<54:21,  5.89s/it]
 52%|█████▏    | 593/1146 [1:05:25<54:43,  5.94s/it]
 52%|█████▏    | 594/1146 [1:05:30<53:33,  5.82s/it]
 52%|█████▏    | 595/1146 [1:05:35<50:19,  5.48s/it]
 52%|█████▏    | 596/1146 [1:05:39<47:56,  5.23s/it]
 52%|█████▏    | 597/1146 [1:05:43<42:16,  4.62s/it]
 52%|█████▏    | 598/1146 [1:05:47<40:33,  4.44s/it]
 52%|█████▏    | 599/1146 [1:05:52<42:21,  4.65s/it]
 52%|█████▏    | 600/1146 [1:05:56<41:09,  4.52s/it]
 52%|█████▏    | 601/1146 [1:06:02<45:01,  4.96s/it]
 53%|█████▎    | 602/1146 [1:06:07<45:54,  5.06s/it]
 53%|█████▎    | 603/1146 [1:06:13<48:28,  5.36s/it]
 53%|█████▎    | 604/1146 [1:06:20<52:29,  5.81s/it]
 53%|█████▎    | 605/1146 [1:06:26<53:14,  5.90s/it]
 53%|█████▎    | 606/1146 [1:06:33<54:49,  6.09s/it]
 53%|█████▎    | 607/1146 [1:06:38<53:24,  5.94s/it]
 53%|█████▎    | 608/1146 [1:06:45<53:54,  6.01s/it]
 53%|█████▎    | 609/1146 [1:06:51<53:32,  5.98s/it]
 53%|█████▎    | 610/1146 [1:06:56<51:34,  5.77s/it]
 53%|█████▎    | 611/1146 [1:07:00<46:43,  5.24s/it]
 53%|█████▎    | 612/1146 [1:07:05<46:55,  5.27s/it]
 53%|█████▎    | 613/1146 [1:07:11<47:32,  5.35s/it]
 54%|█████▎    | 614/1146 [1:07:17<48:43,  5.49s/it]
 54%|█████▎    | 615/1146 [1:07:22<48:03,  5.43s/it]
 54%|█████▍    | 616/1146 [1:07:27<47:25,  5.37s/it]
 54%|█████▍    | 617/1146 [1:07:32<47:21,  5.37s/it]
 54%|█████▍    | 618/1146 [1:07:39<49:30,  5.63s/it]
 54%|█████▍    | 619/1146 [1:07:44<49:01,  5.58s/it]
 54%|█████▍    | 620/1146 [1:07:49<46:56,  5.36s/it]
 54%|█████▍    | 621/1146 [1:07:54<46:53,  5.36s/it]
 54%|█████▍    | 622/1146 [1:08:00<46:54,  5.37s/it]
 54%|█████▍    | 623/1146 [1:08:06<48:31,  5.57s/it]
 54%|█████▍    | 624/1146 [1:08:11<48:03,  5.52s/it]
 55%|█████▍    | 625/1146 [1:08:17<48:17,  5.56s/it]
 55%|█████▍    | 626/1146 [1:08:23<49:35,  5.72s/it]
 55%|█████▍    | 627/1146 [1:08:29<50:28,  5.84s/it]
 55%|█████▍    | 628/1146 [1:08:34<48:57,  5.67s/it]
 55%|█████▍    | 629/1146 [1:08:40<48:57,  5.68s/it]
 55%|█████▍    | 630/1146 [1:08:46<50:30,  5.87s/it]
 55%|█████▌    | 631/1146 [1:08:52<50:29,  5.88s/it]
 55%|█████▌    | 632/1146 [1:08:58<50:50,  5.93s/it]
 55%|█████▌    | 633/1146 [1:09:04<50:57,  5.96s/it]
 55%|█████▌    | 634/1146 [1:09:11<51:27,  6.03s/it]
 55%|█████▌    | 635/1146 [1:09:16<49:53,  5.86s/it]
 55%|█████▌    | 636/1146 [1:09:22<50:28,  5.94s/it]
 56%|█████▌    | 637/1146 [1:09:29<51:42,  6.10s/it]
 56%|█████▌    | 638/1146 [1:09:35<52:01,  6.15s/it]
 56%|█████▌    | 639/1146 [1:09:41<53:10,  6.29s/it]
 56%|█████▌    | 640/1146 [1:09:48<52:47,  6.26s/it]
 56%|█████▌    | 641/1146 [1:09:54<52:58,  6.29s/it]
 56%|█████▌    | 642/1146 [1:10:00<52:11,  6.21s/it]
 56%|█████▌    | 643/1146 [1:10:07<53:18,  6.36s/it]
 56%|█████▌    | 644/1146 [1:10:13<53:08,  6.35s/it]
 56%|█████▋    | 645/1146 [1:10:19<52:43,  6.31s/it]
 56%|█████▋    | 646/1146 [1:10:25<51:24,  6.17s/it]
 56%|█████▋    | 647/1146 [1:10:31<50:19,  6.05s/it]
 57%|█████▋    | 648/1146 [1:10:37<49:33,  5.97s/it]
 57%|█████▋    | 649/1146 [1:10:43<49:17,  5.95s/it]
 57%|█████▋    | 650/1146 [1:10:49<49:39,  6.01s/it]
 57%|█████▋    | 651/1146 [1:10:55<49:31,  6.00s/it]
 57%|█████▋    | 652/1146 [1:11:00<48:49,  5.93s/it]
 57%|█████▋    | 653/1146 [1:11:06<48:31,  5.91s/it]
 57%|█████▋    | 654/1146 [1:11:13<49:11,  6.00s/it]
 57%|█████▋    | 655/1146 [1:11:18<48:40,  5.95s/it]
 57%|█████▋    | 656/1146 [1:11:24<47:30,  5.82s/it]
 57%|█████▋    | 657/1146 [1:11:29<45:01,  5.52s/it]
 57%|█████▋    | 658/1146 [1:11:34<45:05,  5.54s/it]
 58%|█████▊    | 659/1146 [1:11:40<46:30,  5.73s/it]
 58%|█████▊    | 660/1146 [1:11:47<47:26,  5.86s/it]
 58%|█████▊    | 661/1146 [1:11:51<43:49,  5.42s/it]
 58%|█████▊    | 662/1146 [1:11:55<41:06,  5.10s/it]
 58%|█████▊    | 663/1146 [1:12:00<40:11,  4.99s/it]
 58%|█████▊    | 664/1146 [1:12:05<39:02,  4.86s/it]
 58%|█████▊    | 665/1146 [1:12:10<39:03,  4.87s/it]
 58%|█████▊    | 666/1146 [1:12:14<37:40,  4.71s/it]
 58%|█████▊    | 667/1146 [1:12:17<34:44,  4.35s/it]
 58%|█████▊    | 668/1146 [1:12:21<33:31,  4.21s/it]
 58%|█████▊    | 669/1146 [1:12:26<34:26,  4.33s/it]
 58%|█████▊    | 670/1146 [1:12:32<39:16,  4.95s/it]
 59%|█████▊    | 671/1146 [1:12:39<42:53,  5.42s/it]
 59%|█████▊    | 672/1146 [1:12:45<44:54,  5.68s/it]
 59%|█████▊    | 673/1146 [1:12:51<45:56,  5.83s/it]
 59%|█████▉    | 674/1146 [1:12:57<45:16,  5.76s/it]
 59%|█████▉    | 675/1146 [1:13:02<43:46,  5.58s/it]
 59%|█████▉    | 676/1146 [1:13:07<42:02,  5.37s/it]
 59%|█████▉    | 677/1146 [1:13:13<44:11,  5.65s/it]
 59%|█████▉    | 678/1146 [1:13:19<45:23,  5.82s/it]
 59%|█████▉    | 679/1146 [1:13:25<44:47,  5.75s/it]
 59%|█████▉    | 680/1146 [1:13:31<45:05,  5.81s/it]
 59%|█████▉    | 681/1146 [1:13:36<43:18,  5.59s/it]
 60%|█████▉    | 682/1146 [1:13:42<43:38,  5.64s/it]
 60%|█████▉    | 683/1146 [1:13:47<43:17,  5.61s/it]
 60%|█████▉    | 684/1146 [1:13:53<42:39,  5.54s/it]
 60%|█████▉    | 685/1146 [1:14:00<45:37,  5.94s/it]
 60%|█████▉    | 686/1146 [1:14:06<46:17,  6.04s/it]
 60%|█████▉    | 687/1146 [1:14:12<46:28,  6.07s/it]
 60%|██████    | 688/1146 [1:14:18<46:44,  6.12s/it]
 60%|██████    | 689/1146 [1:14:24<46:26,  6.10s/it]
 60%|██████    | 690/1146 [1:14:30<45:52,  6.04s/it]
 60%|██████    | 691/1146 [1:14:36<45:25,  5.99s/it]
 60%|██████    | 692/1146 [1:14:43<46:53,  6.20s/it]
 60%|██████    | 693/1146 [1:14:49<46:44,  6.19s/it]
 61%|██████    | 694/1146 [1:14:55<45:52,  6.09s/it]
 61%|██████    | 695/1146 [1:15:01<46:01,  6.12s/it]
 61%|██████    | 696/1146 [1:15:07<46:04,  6.14s/it]
 61%|██████    | 697/1146 [1:15:14<46:33,  6.22s/it]
 61%|██████    | 698/1146 [1:15:19<44:01,  5.90s/it]
 61%|██████    | 699/1146 [1:15:24<43:28,  5.84s/it]
 61%|██████    | 700/1146 [1:15:30<42:34,  5.73s/it]
 61%|██████    | 701/1146 [1:15:35<41:13,  5.56s/it]
 61%|██████▏   | 702/1146 [1:15:40<39:41,  5.36s/it]
 61%|██████▏   | 703/1146 [1:15:45<39:33,  5.36s/it]
 61%|██████▏   | 704/1146 [1:15:50<38:22,  5.21s/it]
 62%|██████▏   | 705/1146 [1:15:56<38:55,  5.30s/it]
 62%|██████▏   | 706/1146 [1:16:02<41:53,  5.71s/it]
 62%|██████▏   | 707/1146 [1:16:09<42:50,  5.86s/it]
 62%|██████▏   | 708/1146 [1:16:15<44:44,  6.13s/it]
 62%|██████▏   | 709/1146 [1:16:22<45:05,  6.19s/it]
 62%|██████▏   | 710/1146 [1:16:28<45:28,  6.26s/it]
 62%|██████▏   | 711/1146 [1:16:34<45:23,  6.26s/it]
 62%|██████▏   | 712/1146 [1:16:40<44:16,  6.12s/it]
 62%|██████▏   | 713/1146 [1:16:45<41:53,  5.80s/it]
 62%|██████▏   | 714/1146 [1:16:50<39:58,  5.55s/it]
 62%|██████▏   | 715/1146 [1:16:55<38:46,  5.40s/it]
 62%|██████▏   | 716/1146 [1:17:00<37:21,  5.21s/it]
 63%|██████▎   | 717/1146 [1:17:04<35:47,  5.01s/it]
 63%|██████▎   | 718/1146 [1:17:09<34:51,  4.89s/it]
 63%|██████▎   | 719/1146 [1:17:14<33:48,  4.75s/it]
 63%|██████▎   | 720/1146 [1:17:18<33:37,  4.74s/it]
 63%|██████▎   | 721/1146 [1:17:23<32:55,  4.65s/it]
 63%|██████▎   | 722/1146 [1:17:28<34:14,  4.84s/it]
 63%|██████▎   | 723/1146 [1:17:33<35:25,  5.02s/it]
 63%|██████▎   | 724/1146 [1:17:39<36:40,  5.21s/it]
 63%|██████▎   | 725/1146 [1:17:43<34:46,  4.96s/it]
 63%|██████▎   | 726/1146 [1:17:49<35:11,  5.03s/it]
 63%|██████▎   | 727/1146 [1:17:53<34:10,  4.89s/it]
 64%|██████▎   | 728/1146 [1:17:58<34:26,  4.94s/it]
 64%|██████▎   | 729/1146 [1:18:04<35:52,  5.16s/it]
 64%|██████▎   | 730/1146 [1:18:09<35:23,  5.10s/it]
 64%|██████▍   | 731/1146 [1:18:14<34:58,  5.06s/it]
 64%|██████▍   | 732/1146 [1:18:19<35:01,  5.08s/it]
 64%|██████▍   | 733/1146 [1:18:24<35:20,  5.13s/it]
 64%|██████▍   | 734/1146 [1:18:30<36:27,  5.31s/it]
 64%|██████▍   | 735/1146 [1:18:36<37:55,  5.54s/it]
 64%|██████▍   | 736/1146 [1:18:42<37:57,  5.56s/it]
 64%|██████▍   | 737/1146 [1:18:47<38:04,  5.59s/it]
 64%|██████▍   | 738/1146 [1:18:53<37:41,  5.54s/it]
 64%|██████▍   | 739/1146 [1:18:58<36:51,  5.43s/it]
 65%|██████▍   | 740/1146 [1:19:03<36:19,  5.37s/it]
 65%|██████▍   | 741/1146 [1:19:08<35:37,  5.28s/it]
 65%|██████▍   | 742/1146 [1:19:13<34:17,  5.09s/it]
 65%|██████▍   | 743/1146 [1:19:18<34:03,  5.07s/it]
 65%|██████▍   | 744/1146 [1:19:23<34:13,  5.11s/it]
 65%|██████▌   | 745/1146 [1:19:28<33:58,  5.08s/it]
 65%|██████▌   | 746/1146 [1:19:33<34:13,  5.13s/it]
 65%|██████▌   | 747/1146 [1:19:38<34:06,  5.13s/it]
 65%|██████▌   | 748/1146 [1:19:43<33:47,  5.10s/it]
 65%|██████▌   | 749/1146 [1:19:49<35:17,  5.33s/it]
 65%|██████▌   | 750/1146 [1:19:55<36:38,  5.55s/it]
 66%|██████▌   | 751/1146 [1:20:02<38:43,  5.88s/it]
 66%|██████▌   | 752/1146 [1:20:08<38:39,  5.89s/it]
 66%|██████▌   | 753/1146 [1:20:14<39:17,  6.00s/it]
 66%|██████▌   | 754/1146 [1:20:20<37:58,  5.81s/it]
 66%|██████▌   | 755/1146 [1:20:25<36:51,  5.66s/it]
 66%|██████▌   | 756/1146 [1:20:31<37:06,  5.71s/it]
 66%|██████▌   | 757/1146 [1:20:36<36:56,  5.70s/it]
 66%|██████▌   | 758/1146 [1:20:42<35:48,  5.54s/it]
 66%|██████▌   | 759/1146 [1:20:47<34:31,  5.35s/it]
 66%|██████▋   | 760/1146 [1:20:52<34:21,  5.34s/it]
 66%|██████▋   | 761/1146 [1:20:57<33:27,  5.21s/it]
 66%|██████▋   | 762/1146 [1:21:00<30:09,  4.71s/it]
 67%|██████▋   | 763/1146 [1:21:05<29:54,  4.69s/it]
 67%|██████▋   | 764/1146 [1:21:12<33:48,  5.31s/it]
 67%|██████▋   | 765/1146 [1:21:18<35:22,  5.57s/it]
 67%|██████▋   | 766/1146 [1:21:24<35:45,  5.65s/it]
 67%|██████▋   | 767/1146 [1:21:29<34:36,  5.48s/it]
 67%|██████▋   | 768/1146 [1:21:35<35:53,  5.70s/it]
 67%|██████▋   | 769/1146 [1:21:40<33:58,  5.41s/it]
 67%|██████▋   | 770/1146 [1:21:46<34:53,  5.57s/it]
 67%|██████▋   | 771/1146 [1:21:51<35:16,  5.64s/it]
 67%|██████▋   | 772/1146 [1:21:58<36:29,  5.85s/it]
 67%|██████▋   | 773/1146 [1:22:04<36:13,  5.83s/it]
 68%|██████▊   | 774/1146 [1:22:10<36:37,  5.91s/it]
 68%|██████▊   | 775/1146 [1:22:15<35:53,  5.80s/it]
 68%|██████▊   | 776/1146 [1:22:21<35:04,  5.69s/it]
 68%|██████▊   | 777/1146 [1:22:26<34:20,  5.58s/it]
 68%|██████▊   | 778/1146 [1:22:30<31:12,  5.09s/it]
 68%|██████▊   | 779/1146 [1:22:34<29:07,  4.76s/it]
 68%|██████▊   | 780/1146 [1:22:40<31:38,  5.19s/it]
 68%|██████▊   | 781/1146 [1:22:46<32:53,  5.41s/it]
 68%|██████▊   | 782/1146 [1:22:52<34:17,  5.65s/it]
 68%|██████▊   | 783/1146 [1:22:59<36:32,  6.04s/it]
 68%|██████▊   | 784/1146 [1:23:06<37:12,  6.17s/it]
 68%|██████▊   | 785/1146 [1:23:12<37:34,  6.24s/it]
 69%|██████▊   | 786/1146 [1:23:18<37:29,  6.25s/it]
 69%|██████▊   | 787/1146 [1:23:25<37:32,  6.27s/it]
 69%|██████▉   | 788/1146 [1:23:31<37:13,  6.24s/it]
 69%|██████▉   | 789/1146 [1:23:37<37:21,  6.28s/it]
 69%|██████▉   | 790/1146 [1:23:43<36:51,  6.21s/it]
 69%|██████▉   | 791/1146 [1:23:48<33:59,  5.74s/it]
 69%|██████▉   | 792/1146 [1:23:53<32:17,  5.47s/it]
 69%|██████▉   | 793/1146 [1:23:58<32:13,  5.48s/it]
 69%|██████▉   | 794/1146 [1:24:03<31:26,  5.36s/it]
 69%|██████▉   | 795/1146 [1:24:10<33:00,  5.64s/it]
 69%|██████▉   | 796/1146 [1:24:16<33:50,  5.80s/it]
 70%|██████▉   | 797/1146 [1:24:22<34:00,  5.85s/it]
 70%|██████▉   | 798/1146 [1:24:27<33:19,  5.75s/it]
 70%|██████▉   | 799/1146 [1:24:34<34:14,  5.92s/it]
 70%|██████▉   | 800/1146 [1:24:39<33:12,  5.76s/it]
 70%|██████▉   | 801/1146 [1:24:45<33:23,  5.81s/it]
 70%|██████▉   | 802/1146 [1:24:52<34:48,  6.07s/it]
 70%|███████   | 803/1146 [1:24:58<34:40,  6.07s/it]
 70%|███████   | 804/1146 [1:25:03<33:21,  5.85s/it]
 70%|███████   | 805/1146 [1:25:08<32:03,  5.64s/it]
 70%|███████   | 806/1146 [1:25:13<30:18,  5.35s/it]
 70%|███████   | 807/1146 [1:25:19<32:11,  5.70s/it]
 71%|███████   | 808/1146 [1:25:24<30:30,  5.42s/it]
 71%|███████   | 809/1146 [1:25:30<30:49,  5.49s/it]
 71%|███████   | 810/1146 [1:25:36<31:23,  5.61s/it]
 71%|███████   | 811/1146 [1:25:40<28:58,  5.19s/it]
 71%|███████   | 812/1146 [1:25:46<30:59,  5.57s/it]
 71%|███████   | 813/1146 [1:25:51<29:45,  5.36s/it]
 71%|███████   | 814/1146 [1:25:57<30:56,  5.59s/it]
 71%|███████   | 815/1146 [1:26:02<29:19,  5.31s/it]
 71%|███████   | 816/1146 [1:26:08<29:58,  5.45s/it]
 71%|███████▏  | 817/1146 [1:26:12<28:07,  5.13s/it]
 71%|███████▏  | 818/1146 [1:26:16<25:30,  4.67s/it]
 71%|███████▏  | 819/1146 [1:26:21<26:55,  4.94s/it]
 72%|███████▏  | 820/1146 [1:26:26<27:14,  5.01s/it]
 72%|███████▏  | 821/1146 [1:26:31<25:58,  4.80s/it]
 72%|███████▏  | 822/1146 [1:26:37<27:38,  5.12s/it]
 72%|███████▏  | 823/1146 [1:26:42<28:19,  5.26s/it]
 72%|███████▏  | 824/1146 [1:26:48<29:02,  5.41s/it]
 72%|███████▏  | 825/1146 [1:26:53<28:44,  5.37s/it]
 72%|███████▏  | 826/1146 [1:26:59<28:40,  5.38s/it]
 72%|███████▏  | 827/1146 [1:27:05<29:33,  5.56s/it]
 72%|███████▏  | 828/1146 [1:27:11<30:12,  5.70s/it]
 72%|███████▏  | 829/1146 [1:27:16<29:52,  5.65s/it]
 72%|███████▏  | 830/1146 [1:27:22<30:21,  5.76s/it]
 73%|███████▎  | 831/1146 [1:27:28<29:51,  5.69s/it]
 73%|███████▎  | 832/1146 [1:27:33<28:19,  5.41s/it]
 73%|███████▎  | 833/1146 [1:27:39<29:53,  5.73s/it]
 73%|███████▎  | 834/1146 [1:27:45<30:57,  5.95s/it]
 73%|███████▎  | 835/1146 [1:27:52<31:09,  6.01s/it]
 73%|███████▎  | 836/1146 [1:27:58<31:27,  6.09s/it]
 73%|███████▎  | 837/1146 [1:28:04<31:52,  6.19s/it]
 73%|███████▎  | 838/1146 [1:28:10<30:51,  6.01s/it]
 73%|███████▎  | 839/1146 [1:28:16<30:17,  5.92s/it]
 73%|███████▎  | 840/1146 [1:28:21<29:09,  5.72s/it]
 73%|███████▎  | 841/1146 [1:28:27<29:58,  5.90s/it]
 73%|███████▎  | 842/1146 [1:28:34<30:37,  6.04s/it]
 74%|███████▎  | 843/1146 [1:28:40<31:11,  6.18s/it]
 74%|███████▎  | 844/1146 [1:28:46<31:02,  6.17s/it]
 74%|███████▎  | 845/1146 [1:28:52<30:58,  6.17s/it]
 74%|███████▍  | 846/1146 [1:28:59<30:51,  6.17s/it]
 74%|███████▍  | 847/1146 [1:29:05<30:42,  6.16s/it]
 74%|███████▍  | 848/1146 [1:29:11<30:29,  6.14s/it]
 74%|███████▍  | 849/1146 [1:29:17<29:56,  6.05s/it]
 74%|███████▍  | 850/1146 [1:29:23<30:10,  6.12s/it]
 74%|███████▍  | 851/1146 [1:29:29<30:00,  6.10s/it]
 74%|███████▍  | 852/1146 [1:29:34<27:55,  5.70s/it]
 74%|███████▍  | 853/1146 [1:29:40<28:18,  5.80s/it]
 75%|███████▍  | 854/1146 [1:29:46<28:20,  5.82s/it]
 75%|███████▍  | 855/1146 [1:29:51<27:54,  5.75s/it]
 75%|███████▍  | 856/1146 [1:29:57<27:24,  5.67s/it]
 75%|███████▍  | 857/1146 [1:30:03<27:40,  5.75s/it]
 75%|███████▍  | 858/1146 [1:30:08<27:46,  5.79s/it]
 75%|███████▍  | 859/1146 [1:30:14<27:38,  5.78s/it]
 75%|███████▌  | 860/1146 [1:30:21<28:38,  6.01s/it]
 75%|███████▌  | 861/1146 [1:30:26<27:57,  5.89s/it]
 75%|███████▌  | 862/1146 [1:30:31<26:00,  5.49s/it]
 75%|███████▌  | 863/1146 [1:30:37<26:46,  5.68s/it]
 75%|███████▌  | 864/1146 [1:30:43<27:07,  5.77s/it]
 75%|███████▌  | 865/1146 [1:30:49<27:18,  5.83s/it]
 76%|███████▌  | 866/1146 [1:30:55<27:11,  5.83s/it]
 76%|███████▌  | 867/1146 [1:31:00<26:25,  5.68s/it]
 76%|███████▌  | 868/1146 [1:31:07<28:07,  6.07s/it]
 76%|███████▌  | 869/1146 [1:31:13<27:06,  5.87s/it]
 76%|███████▌  | 870/1146 [1:31:18<26:24,  5.74s/it]
 76%|███████▌  | 871/1146 [1:31:24<26:09,  5.71s/it]
 76%|███████▌  | 872/1146 [1:31:27<22:40,  4.96s/it]
 76%|███████▌  | 873/1146 [1:31:33<23:58,  5.27s/it]
 76%|███████▋  | 874/1146 [1:31:39<25:23,  5.60s/it]
 76%|███████▋  | 875/1146 [1:31:44<24:07,  5.34s/it]
 76%|███████▋  | 876/1146 [1:31:50<25:35,  5.69s/it]
 77%|███████▋  | 877/1146 [1:31:57<26:17,  5.86s/it]
 77%|███████▋  | 878/1146 [1:32:02<25:58,  5.82s/it]
 77%|███████▋  | 879/1146 [1:32:09<26:29,  5.95s/it]
 77%|███████▋  | 880/1146 [1:32:14<25:51,  5.83s/it]
 77%|███████▋  | 881/1146 [1:32:19<24:45,  5.60s/it]
 77%|███████▋  | 882/1146 [1:32:25<24:39,  5.60s/it]
 77%|███████▋  | 883/1146 [1:32:29<22:35,  5.15s/it]
 77%|███████▋  | 884/1146 [1:32:35<23:27,  5.37s/it]
 77%|███████▋  | 885/1146 [1:32:41<23:48,  5.47s/it]
 77%|███████▋  | 886/1146 [1:32:46<23:39,  5.46s/it]
 77%|███████▋  | 887/1146 [1:32:50<22:07,  5.12s/it]
 77%|███████▋  | 888/1146 [1:32:56<23:09,  5.39s/it]
 78%|███████▊  | 889/1146 [1:33:02<23:27,  5.48s/it]
 78%|███████▊  | 890/1146 [1:33:08<24:02,  5.63s/it]
 78%|███████▊  | 891/1146 [1:33:14<24:12,  5.69s/it]
 78%|███████▊  | 892/1146 [1:33:20<24:20,  5.75s/it]
 78%|███████▊  | 893/1146 [1:33:25<23:31,  5.58s/it]
 78%|███████▊  | 894/1146 [1:33:30<23:18,  5.55s/it]
 78%|███████▊  | 895/1146 [1:33:36<23:12,  5.55s/it]
 78%|███████▊  | 896/1146 [1:33:42<23:31,  5.65s/it]
 78%|███████▊  | 897/1146 [1:33:49<24:58,  6.02s/it]
 78%|███████▊  | 898/1146 [1:33:54<24:31,  5.93s/it]
 78%|███████▊  | 899/1146 [1:34:00<23:24,  5.69s/it]
 79%|███████▊  | 900/1146 [1:34:05<23:01,  5.62s/it]
 79%|███████▊  | 901/1146 [1:34:11<23:03,  5.65s/it]
 79%|███████▊  | 902/1146 [1:34:17<23:54,  5.88s/it]
 79%|███████▉  | 903/1146 [1:34:23<23:54,  5.90s/it]
 79%|███████▉  | 904/1146 [1:34:28<22:49,  5.66s/it]
 79%|███████▉  | 905/1146 [1:34:34<23:01,  5.73s/it]
 79%|███████▉  | 906/1146 [1:34:40<22:46,  5.69s/it]
 79%|███████▉  | 907/1146 [1:34:46<22:45,  5.71s/it]
 79%|███████▉  | 908/1146 [1:34:51<22:42,  5.72s/it]
 79%|███████▉  | 909/1146 [1:34:57<23:10,  5.87s/it]
 79%|███████▉  | 910/1146 [1:35:03<23:02,  5.86s/it]
 79%|███████▉  | 911/1146 [1:35:09<23:18,  5.95s/it]
 80%|███████▉  | 912/1146 [1:35:16<23:41,  6.08s/it]
 80%|███████▉  | 913/1146 [1:35:22<23:29,  6.05s/it]
 80%|███████▉  | 914/1146 [1:35:28<23:06,  5.98s/it]
 80%|███████▉  | 915/1146 [1:35:35<24:03,  6.25s/it]
 80%|███████▉  | 916/1146 [1:35:41<24:23,  6.36s/it]
 80%|████████  | 917/1146 [1:35:47<23:45,  6.22s/it]
 80%|████████  | 918/1146 [1:35:53<23:07,  6.08s/it]
 80%|████████  | 919/1146 [1:35:59<23:23,  6.18s/it]
 80%|████████  | 920/1146 [1:36:06<23:46,  6.31s/it]
 80%|████████  | 921/1146 [1:36:12<23:43,  6.33s/it]
 80%|████████  | 922/1146 [1:36:18<22:53,  6.13s/it]
 81%|████████  | 923/1146 [1:36:24<22:27,  6.04s/it]
 81%|████████  | 924/1146 [1:36:29<21:05,  5.70s/it]
 81%|████████  | 925/1146 [1:36:35<21:36,  5.86s/it]
 81%|████████  | 926/1146 [1:36:41<22:07,  6.03s/it]
 81%|████████  | 927/1146 [1:36:48<22:40,  6.21s/it]
 81%|████████  | 928/1146 [1:36:54<22:03,  6.07s/it]
 81%|████████  | 929/1146 [1:36:59<21:37,  5.98s/it]
 81%|████████  | 930/1146 [1:37:05<21:09,  5.88s/it]
 81%|████████  | 931/1146 [1:37:11<21:30,  6.00s/it]
 81%|████████▏ | 932/1146 [1:37:18<21:50,  6.12s/it]
 81%|████████▏ | 933/1146 [1:37:23<21:12,  5.97s/it]
 82%|████████▏ | 934/1146 [1:37:28<19:20,  5.47s/it]
 82%|████████▏ | 935/1146 [1:37:32<17:50,  5.08s/it]
 82%|████████▏ | 936/1146 [1:37:36<16:35,  4.74s/it]
 82%|████████▏ | 937/1146 [1:37:39<15:18,  4.40s/it]
 82%|████████▏ | 938/1146 [1:37:44<15:15,  4.40s/it]
 82%|████████▏ | 939/1146 [1:37:49<16:11,  4.69s/it]
 82%|████████▏ | 940/1146 [1:37:54<16:36,  4.84s/it]
 82%|████████▏ | 941/1146 [1:38:00<17:29,  5.12s/it]
 82%|████████▏ | 942/1146 [1:38:06<18:31,  5.45s/it]
 82%|████████▏ | 943/1146 [1:38:13<19:18,  5.71s/it]
 82%|████████▏ | 944/1146 [1:38:18<19:20,  5.74s/it]
 82%|████████▏ | 945/1146 [1:38:24<19:21,  5.78s/it]
 83%|████████▎ | 946/1146 [1:38:31<19:40,  5.90s/it]
 83%|████████▎ | 947/1146 [1:38:37<20:08,  6.07s/it]
 83%|████████▎ | 948/1146 [1:38:43<20:20,  6.17s/it]
 83%|████████▎ | 949/1146 [1:38:50<20:19,  6.19s/it]
 83%|████████▎ | 950/1146 [1:38:55<18:57,  5.80s/it]
 83%|████████▎ | 951/1146 [1:39:01<19:09,  5.89s/it]
 83%|████████▎ | 952/1146 [1:39:06<18:39,  5.77s/it]
 83%|████████▎ | 953/1146 [1:39:13<19:12,  5.97s/it]
 83%|████████▎ | 954/1146 [1:39:18<18:25,  5.76s/it]
 83%|████████▎ | 955/1146 [1:39:23<17:41,  5.56s/it]
 83%|████████▎ | 956/1146 [1:39:29<17:53,  5.65s/it]
 84%|████████▎ | 957/1146 [1:39:34<17:24,  5.53s/it]
 84%|████████▎ | 958/1146 [1:39:39<16:43,  5.34s/it]
 84%|████████▎ | 959/1146 [1:39:43<15:52,  5.09s/it]
 84%|████████▍ | 960/1146 [1:39:48<15:35,  5.03s/it]
 84%|████████▍ | 961/1146 [1:39:54<16:17,  5.29s/it]
 84%|████████▍ | 962/1146 [1:40:00<16:20,  5.33s/it]
 84%|████████▍ | 963/1146 [1:40:05<16:30,  5.41s/it]
 84%|████████▍ | 964/1146 [1:40:11<16:50,  5.55s/it]
 84%|████████▍ | 965/1146 [1:40:17<17:13,  5.71s/it]
 84%|████████▍ | 966/1146 [1:40:22<16:40,  5.56s/it]
 84%|████████▍ | 967/1146 [1:40:28<16:22,  5.49s/it]
 84%|████████▍ | 968/1146 [1:40:34<16:42,  5.63s/it]
 85%|████████▍ | 969/1146 [1:40:39<16:42,  5.66s/it]
 85%|████████▍ | 970/1146 [1:40:44<16:04,  5.48s/it]
 85%|████████▍ | 971/1146 [1:40:50<16:07,  5.53s/it]
 85%|████████▍ | 972/1146 [1:40:55<15:48,  5.45s/it]
 85%|████████▍ | 973/1146 [1:41:00<14:47,  5.13s/it]
 85%|████████▍ | 974/1146 [1:41:06<15:29,  5.41s/it]
 85%|████████▌ | 975/1146 [1:41:12<16:06,  5.65s/it]
 85%|████████▌ | 976/1146 [1:41:17<15:36,  5.51s/it]
 85%|████████▌ | 977/1146 [1:41:23<15:23,  5.47s/it]
 85%|████████▌ | 978/1146 [1:41:28<15:35,  5.57s/it]
 85%|████████▌ | 979/1146 [1:41:34<15:28,  5.56s/it]
 86%|████████▌ | 980/1146 [1:41:39<14:43,  5.32s/it]
 86%|████████▌ | 981/1146 [1:41:44<14:43,  5.35s/it]
 86%|████████▌ | 982/1146 [1:41:50<15:24,  5.64s/it]
 86%|████████▌ | 983/1146 [1:41:56<15:26,  5.68s/it]
 86%|████████▌ | 984/1146 [1:42:02<15:38,  5.79s/it]
 86%|████████▌ | 985/1146 [1:42:09<16:04,  5.99s/it]
 86%|████████▌ | 986/1146 [1:42:14<15:12,  5.70s/it]
 86%|████████▌ | 987/1146 [1:42:16<12:43,  4.80s/it]
 86%|████████▌ | 988/1146 [1:42:21<12:30,  4.75s/it]
 86%|████████▋ | 989/1146 [1:42:26<12:33,  4.80s/it]
 86%|████████▋ | 990/1146 [1:42:30<11:45,  4.52s/it]
 86%|████████▋ | 991/1146 [1:42:35<12:27,  4.82s/it]
 87%|████████▋ | 992/1146 [1:42:42<13:34,  5.29s/it]
 87%|████████▋ | 993/1146 [1:42:47<13:06,  5.14s/it]
 87%|████████▋ | 994/1146 [1:42:50<11:53,  4.69s/it]
 87%|████████▋ | 995/1146 [1:42:53<10:43,  4.26s/it]
 87%|████████▋ | 996/1146 [1:42:58<10:36,  4.24s/it]
 87%|████████▋ | 997/1146 [1:43:02<10:34,  4.26s/it]
 87%|████████▋ | 998/1146 [1:43:06<10:28,  4.24s/it]
 87%|████████▋ | 999/1146 [1:43:11<10:32,  4.30s/it]
 87%|████████▋ | 1000/1146 [1:43:16<11:24,  4.69s/it]
 87%|████████▋ | 1001/1146 [1:43:22<12:08,  5.02s/it]
 87%|████████▋ | 1002/1146 [1:43:29<13:10,  5.49s/it]
 88%|████████▊ | 1003/1146 [1:43:35<13:37,  5.72s/it]
 88%|████████▊ | 1004/1146 [1:43:38<12:03,  5.10s/it]
 88%|████████▊ | 1005/1146 [1:43:45<12:39,  5.39s/it]
 88%|████████▊ | 1006/1146 [1:43:51<13:06,  5.62s/it]
 88%|████████▊ | 1007/1146 [1:43:57<13:12,  5.70s/it]
 88%|████████▊ | 1008/1146 [1:44:03<13:16,  5.77s/it]
 88%|████████▊ | 1009/1146 [1:44:08<12:49,  5.62s/it]
 88%|████████▊ | 1010/1146 [1:44:11<10:58,  4.84s/it]
 88%|████████▊ | 1011/1146 [1:44:16<11:08,  4.95s/it]
 88%|████████▊ | 1012/1146 [1:44:22<11:36,  5.19s/it]
 88%|████████▊ | 1013/1146 [1:44:28<11:53,  5.37s/it]
 88%|████████▊ | 1014/1146 [1:44:33<11:36,  5.28s/it]
 89%|████████▊ | 1015/1146 [1:44:39<12:06,  5.54s/it]
 89%|████████▊ | 1016/1146 [1:44:46<12:46,  5.90s/it]
 89%|████████▊ | 1017/1146 [1:44:52<12:48,  5.96s/it]
 89%|████████▉ | 1018/1146 [1:44:58<12:58,  6.08s/it]
 89%|████████▉ | 1019/1146 [1:45:03<12:26,  5.87s/it]
 89%|████████▉ | 1020/1146 [1:45:08<11:33,  5.50s/it]
 89%|████████▉ | 1021/1146 [1:45:14<11:48,  5.67s/it]
 89%|████████▉ | 1022/1146 [1:45:19<11:14,  5.44s/it]
 89%|████████▉ | 1023/1146 [1:45:25<11:25,  5.57s/it]
 89%|████████▉ | 1024/1146 [1:45:31<11:43,  5.76s/it]
 89%|████████▉ | 1025/1146 [1:45:36<11:24,  5.66s/it]
 90%|████████▉ | 1026/1146 [1:45:43<11:37,  5.81s/it]
 90%|████████▉ | 1027/1146 [1:45:48<11:09,  5.62s/it]
 90%|████████▉ | 1028/1146 [1:45:54<11:25,  5.81s/it]
 90%|████████▉ | 1029/1146 [1:46:00<11:28,  5.89s/it]
 90%|████████▉ | 1030/1146 [1:46:05<10:54,  5.65s/it]
 90%|████████▉ | 1031/1146 [1:46:11<10:55,  5.70s/it]
 90%|█████████ | 1032/1146 [1:46:17<11:05,  5.84s/it]
 90%|█████████ | 1033/1146 [1:46:23<10:56,  5.81s/it]
 90%|█████████ | 1034/1146 [1:46:29<11:01,  5.91s/it]
 90%|█████████ | 1035/1146 [1:46:35<11:06,  6.01s/it]
 90%|█████████ | 1036/1146 [1:46:42<11:06,  6.06s/it]
 90%|█████████ | 1037/1146 [1:46:47<10:49,  5.96s/it]
 91%|█████████ | 1038/1146 [1:46:52<10:11,  5.66s/it]
 91%|█████████ | 1039/1146 [1:46:57<09:48,  5.50s/it]
 91%|█████████ | 1040/1146 [1:47:02<09:04,  5.13s/it]
 91%|█████████ | 1041/1146 [1:47:07<08:59,  5.13s/it]
 91%|█████████ | 1042/1146 [1:47:12<08:53,  5.13s/it]
 91%|█████████ | 1043/1146 [1:47:17<08:51,  5.16s/it]
 91%|█████████ | 1044/1146 [1:47:23<09:11,  5.41s/it]
 91%|█████████ | 1045/1146 [1:47:29<09:31,  5.65s/it]
 91%|█████████▏| 1046/1146 [1:47:35<09:19,  5.59s/it]
 91%|█████████▏| 1047/1146 [1:47:40<09:03,  5.49s/it]
 91%|█████████▏| 1048/1146 [1:47:46<09:00,  5.52s/it]
 92%|█████████▏| 1049/1146 [1:47:51<09:05,  5.63s/it]
 92%|█████████▏| 1050/1146 [1:47:58<09:17,  5.81s/it]
 92%|█████████▏| 1051/1146 [1:48:04<09:13,  5.82s/it]
 92%|█████████▏| 1052/1146 [1:48:09<08:44,  5.58s/it]
 92%|█████████▏| 1053/1146 [1:48:14<08:37,  5.57s/it]
 92%|█████████▏| 1054/1146 [1:48:19<08:19,  5.43s/it]
 92%|█████████▏| 1055/1146 [1:48:25<08:28,  5.58s/it]
 92%|█████████▏| 1056/1146 [1:48:31<08:24,  5.60s/it]
 92%|█████████▏| 1057/1146 [1:48:37<08:21,  5.63s/it]
 92%|█████████▏| 1058/1146 [1:48:40<07:29,  5.11s/it]
 92%|█████████▏| 1059/1146 [1:48:46<07:39,  5.28s/it]
 92%|█████████▏| 1060/1146 [1:48:52<07:45,  5.41s/it]
 93%|█████████▎| 1061/1146 [1:48:57<07:46,  5.49s/it]
 93%|█████████▎| 1062/1146 [1:49:03<07:47,  5.57s/it]
 93%|█████████▎| 1063/1146 [1:49:09<07:58,  5.76s/it]
 93%|█████████▎| 1064/1146 [1:49:15<07:48,  5.71s/it]
 93%|█████████▎| 1065/1146 [1:49:21<07:38,  5.67s/it]
 93%|█████████▎| 1066/1146 [1:49:25<07:08,  5.36s/it]
 93%|█████████▎| 1067/1146 [1:49:31<07:20,  5.58s/it]
 93%|█████████▎| 1068/1146 [1:49:37<07:24,  5.70s/it]
 93%|█████████▎| 1069/1146 [1:49:43<07:30,  5.85s/it]
 93%|█████████▎| 1070/1146 [1:49:50<07:43,  6.10s/it]
 93%|█████████▎| 1071/1146 [1:49:57<07:43,  6.18s/it]
 94%|█████████▎| 1072/1146 [1:50:03<07:32,  6.12s/it]
 94%|█████████▎| 1073/1146 [1:50:09<07:29,  6.16s/it]
 94%|█████████▎| 1074/1146 [1:50:15<07:30,  6.26s/it]
 94%|█████████▍| 1075/1146 [1:50:21<07:15,  6.13s/it]
 94%|█████████▍| 1076/1146 [1:50:27<07:03,  6.05s/it]
 94%|█████████▍| 1077/1146 [1:50:33<06:50,  5.95s/it]
 94%|█████████▍| 1078/1146 [1:50:38<06:28,  5.71s/it]
 94%|█████████▍| 1079/1146 [1:50:44<06:33,  5.87s/it]
 94%|█████████▍| 1080/1146 [1:50:50<06:28,  5.89s/it]
 94%|█████████▍| 1081/1146 [1:50:56<06:28,  5.98s/it]
 94%|█████████▍| 1082/1146 [1:51:01<06:02,  5.66s/it]
 95%|█████████▍| 1083/1146 [1:51:06<05:44,  5.46s/it]
 95%|█████████▍| 1084/1146 [1:51:11<05:31,  5.35s/it]
 95%|█████████▍| 1085/1146 [1:51:16<05:16,  5.18s/it]
 95%|█████████▍| 1086/1146 [1:51:21<05:11,  5.19s/it]
 95%|█████████▍| 1087/1146 [1:51:26<05:06,  5.20s/it]
 95%|█████████▍| 1088/1146 [1:51:31<04:55,  5.09s/it]
 95%|█████████▌| 1089/1146 [1:51:36<04:42,  4.96s/it]
 95%|█████████▌| 1090/1146 [1:51:42<04:56,  5.29s/it]
 95%|█████████▌| 1091/1146 [1:51:48<05:07,  5.59s/it]
 95%|█████████▌| 1092/1146 [1:51:54<05:09,  5.72s/it]
 95%|█████████▌| 1093/1146 [1:52:00<05:04,  5.74s/it]
 95%|█████████▌| 1094/1146 [1:52:06<05:03,  5.84s/it]
 96%|█████████▌| 1095/1146 [1:52:12<04:57,  5.83s/it]
 96%|█████████▌| 1096/1146 [1:52:18<04:51,  5.83s/it]
 96%|█████████▌| 1097/1146 [1:52:24<04:44,  5.80s/it]
 96%|█████████▌| 1098/1146 [1:52:29<04:39,  5.83s/it]
 96%|█████████▌| 1099/1146 [1:52:35<04:25,  5.65s/it]
 96%|█████████▌| 1100/1146 [1:52:39<04:08,  5.40s/it]
 96%|█████████▌| 1101/1146 [1:52:45<04:09,  5.55s/it]
 96%|█████████▌| 1102/1146 [1:52:51<04:10,  5.69s/it]
 96%|█████████▌| 1103/1146 [1:52:57<04:04,  5.69s/it]
 96%|█████████▋| 1104/1146 [1:53:02<03:53,  5.56s/it]
 96%|█████████▋| 1105/1146 [1:53:08<03:49,  5.60s/it]
 97%|█████████▋| 1106/1146 [1:53:14<03:42,  5.56s/it]
 97%|█████████▋| 1107/1146 [1:53:20<03:43,  5.72s/it]
 97%|█████████▋| 1108/1146 [1:53:26<03:46,  5.97s/it]
 97%|█████████▋| 1109/1146 [1:53:32<03:43,  6.05s/it]
 97%|█████████▋| 1110/1146 [1:53:38<03:33,  5.94s/it]
 97%|█████████▋| 1111/1146 [1:53:44<03:28,  5.97s/it]
 97%|█████████▋| 1112/1146 [1:53:50<03:23,  5.99s/it]
 97%|█████████▋| 1113/1146 [1:53:56<03:15,  5.92s/it]
 97%|█████████▋| 1114/1146 [1:54:02<03:07,  5.85s/it]
 97%|█████████▋| 1115/1146 [1:54:07<02:59,  5.78s/it]
 97%|█████████▋| 1116/1146 [1:54:13<02:54,  5.82s/it]
 97%|█████████▋| 1117/1146 [1:54:18<02:41,  5.57s/it]
 98%|█████████▊| 1118/1146 [1:54:24<02:36,  5.59s/it]
 98%|█████████▊| 1119/1146 [1:54:30<02:34,  5.72s/it]
 98%|█████████▊| 1120/1146 [1:54:35<02:24,  5.56s/it]
 98%|█████████▊| 1121/1146 [1:54:40<02:17,  5.50s/it]
 98%|█████████▊| 1122/1146 [1:54:46<02:09,  5.42s/it]
 98%|█████████▊| 1123/1146 [1:54:51<02:04,  5.42s/it]
 98%|█████████▊| 1124/1146 [1:54:56<01:59,  5.43s/it]
 98%|█████████▊| 1125/1146 [1:55:02<01:54,  5.43s/it]
 98%|█████████▊| 1126/1146 [1:55:07<01:47,  5.39s/it]
 98%|█████████▊| 1127/1146 [1:55:13<01:42,  5.39s/it]
 98%|█████████▊| 1128/1146 [1:55:18<01:34,  5.26s/it]
 99%|█████████▊| 1129/1146 [1:55:23<01:29,  5.26s/it]
 99%|█████████▊| 1130/1146 [1:55:28<01:24,  5.29s/it]
 99%|█████████▊| 1131/1146 [1:55:33<01:17,  5.18s/it]
 99%|█████████▉| 1132/1146 [1:55:39<01:14,  5.35s/it]
 99%|█████████▉| 1133/1146 [1:55:45<01:12,  5.61s/it]
 99%|█████████▉| 1134/1146 [1:55:51<01:09,  5.76s/it]
 99%|█████████▉| 1135/1146 [1:55:56<01:00,  5.51s/it]
 99%|█████████▉| 1136/1146 [1:56:01<00:53,  5.38s/it]
 99%|█████████▉| 1137/1146 [1:56:05<00:44,  4.98s/it]
 99%|█████████▉| 1138/1146 [1:56:11<00:42,  5.26s/it]
 99%|█████████▉| 1139/1146 [1:56:17<00:38,  5.52s/it]
 99%|█████████▉| 1140/1146 [1:56:22<00:32,  5.35s/it]
100%|█████████▉| 1141/1146 [1:56:28<00:27,  5.42s/it]
100%|█████████▉| 1142/1146 [1:56:33<00:22,  5.51s/it]
100%|█████████▉| 1143/1146 [1:56:39<00:16,  5.45s/it]
100%|█████████▉| 1144/1146 [1:56:45<00:11,  5.63s/it]
100%|█████████▉| 1145/1146 [1:56:51<00:05,  5.71s/it]
100%|██████████| 1146/1146 [1:56:57<00:00,  5.75s/it]
100%|██████████| 1146/1146 [1:56:57<00:00,  6.12s/it]
Test/inference script finished
